<?xml version="1.0" encoding="utf-8"?>
<TestRun id="0bce8119-36cd-4fcc-b3fd-0fe7a019aa6c" name="sn4ke@DESKTOP-OCQ1IM7 2026-10-05 16:55:36" runUser="DESKTOP-OCQ1IM7\sn4ke" xmlns="http://microsoft.com/schemas/VisualStudio/TeamTest/2010">
  <Times creation="2026-10-05T16:55:36.4139463+02:00" queuing="2026-10-05T16:55:36.4139464+02:00" start="2026-10-05T16:55:35.4573860+02:00" finish="2026-10-05T16:55:36.4445246+02:00" />
  <TestSettings name="default" id="3d7587c9-91fa-4f95-b462-70bd12ceb64d">
    <Deployment runDeploymentRoot="sn4ke_DESKTOP-OCQ1IM7_2026-10-05_16_55_36" />
  </TestSettings>
  <Results>
    <UnitTestResult executionId="d7c9f51a-5325-45e6-a79a-bb458eea4ae9" testId="ca242c63-77b6-ad6c-6f8b-dd45acbcf040" testName="Monitoring.Probe.Tests.DeliveryTests.FailureClassificationRetainsSpoolAndNeverCreditsDelivery(status: 401, isolated: False, suspended: True)" computerName="DESKTOP-OCQ1IM7" duration="00:00:00.1186939" startTime="2026-10-05T16:55:35.9946491+02:00" endTime="2026-10-05T16:55:36.1208375+02:00" testType="13cdc9d9-ddb5-4fa4-a97d-d965ccfc6d4b" outcome="Passed" testListId="8c84fa94-04c1-424b-9868-57a2d4851a1d" relativeResultsDirectory="d7c9f51a-5325-45e6-a79a-bb458eea4ae9" />
    <UnitTestResult executionId="7041f3fc-d4d7-48e9-8c7b-8385de2e91cf" testId="e8881eac-0a20-b704-16c2-e46838857745" testName="Monitoring.Probe.Tests.DeliveryTests.ConcurrentCallsIssueOnlyOneRequestAndTimeoutKeepsDurableBody" computerName="DESKTOP-OCQ1IM7" duration="00:00:00.1323081" startTime="2026-10-05T16:55:36.2145185+02:00" endTime="2026-10-05T16:55:36.3467310+02:00" testType="13cdc9d9-ddb5-4fa4-a97d-d965ccfc6d4b" outcome="Passed" testListId="8c84fa94-04c1-424b-9868-57a2d4851a1d" relativeResultsDirectory="7041f3fc-d4d7-48e9-8c7b-8385de2e91cf" />
    <UnitTestResult executionId="1776c3ac-bafb-4c2b-ae6f-cb23dec67f44" testId="735fa075-7eeb-ec0d-2961-9ec87f6c1c9a" testName="Monitoring.Probe.Tests.DeliveryTests.FailureClassificationRetainsSpoolAndNeverCreditsDelivery(status: 400, isolated: True, suspended: False)" computerName="DESKTOP-OCQ1IM7" duration="00:00:00.0146236" startTime="2026-10-05T16:55:36.1985686+02:00" endTime="2026-10-05T16:55:36.2133801+02:00" testType="13cdc9d9-ddb5-4fa4-a97d-d965ccfc6d4b" outcome="Passed" testListId="8c84fa94-04c1-424b-9868-57a2d4851a1d" relativeResultsDirectory="1776c3ac-bafb-4c2b-ae6f-cb23dec67f44" />
    <UnitTestResult executionId="e0e6be07-7945-414b-bdaf-1f2fff4cba7f" testId="9bb47e04-5977-e796-09b4-cde5342bd05f" testName="Monitoring.Probe.Tests.DeliveryTests.FailureClassificationRetainsSpoolAndNeverCreditsDelivery(status: 500, isolated: False, suspended: False)" computerName="DESKTOP-OCQ1IM7" duration="00:00:00.0141267" startTime="2026-10-05T16:55:36.1403061+02:00" endTime="2026-10-05T16:55:36.1542700+02:00" testType="13cdc9d9-ddb5-4fa4-a97d-d965ccfc6d4b" outcome="Passed" testListId="8c84fa94-04c1-424b-9868-57a2d4851a1d" relativeResultsDirectory="e0e6be07-7945-414b-bdaf-1f2fff4cba7f" />
    <UnitTestResult executionId="07dba303-ada0-49f6-bb63-1b39c7c3491a" testId="3a359abc-81d9-6005-f690-d81e4555dcf0" testName="Monitoring.Probe.Tests.DeliveryTests.NonEmpty200IsNotAcknowledgedAndRetryAfterIsRespected" computerName="DESKTOP-OCQ1IM7" duration="00:00:00.0216379" startTime="2026-10-05T16:55:36.3922070+02:00" endTime="2026-10-05T16:55:36.3957846+02:00" testType="13cdc9d9-ddb5-4fa4-a97d-d965ccfc6d4b" outcome="Passed" testListId="8c84fa94-04c1-424b-9868-57a2d4851a1d" relativeResultsDirectory="07dba303-ada0-49f6-bb63-1b39c7c3491a" />
    <UnitTestResult executionId="b1f19654-ecbf-4387-b23f-ca1221c89ec7" testId="4861c463-7fc4-c5e5-9073-c2955a5316e4" testName="Monitoring.Probe.Tests.DeliveryTests.FailureClassificationRetainsSpoolAndNeverCreditsDelivery(status: 202, isolated: False, suspended: False)" computerName="DESKTOP-OCQ1IM7" duration="00:00:00.0157168" startTime="2026-10-05T16:55:36.1683583+02:00" endTime="2026-10-05T16:55:36.1842685+02:00" testType="13cdc9d9-ddb5-4fa4-a97d-d965ccfc6d4b" outcome="Passed" testListId="8c84fa94-04c1-424b-9868-57a2d4851a1d" relativeResultsDirectory="b1f19654-ecbf-4387-b23f-ca1221c89ec7" />
    <UnitTestResult executionId="501e6e30-1e38-4447-bd18-5597b9426b96" testId="23f4e45b-50e8-3875-87ab-e5399d7d58ed" testName="Monitoring.Probe.Tests.DeliveryTests.FailureClassificationRetainsSpoolAndNeverCreditsDelivery(status: 429, isolated: False, suspended: False)" computerName="DESKTOP-OCQ1IM7" duration="00:00:00.0138055" startTime="2026-10-05T16:55:36.1543342+02:00" endTime="2026-10-05T16:55:36.1682968+02:00" testType="13cdc9d9-ddb5-4fa4-a97d-d965ccfc6d4b" outcome="Passed" testListId="8c84fa94-04c1-424b-9868-57a2d4851a1d" relativeResultsDirectory="501e6e30-1e38-4447-bd18-5597b9426b96" />
    <UnitTestResult executionId="68ac3c62-7323-4d57-b90a-a1db61a340bc" testId="b86c46b8-c7c2-184e-22b5-d276c11c4bb2" testName="Monitoring.Probe.Tests.DeliveryTests.FailureClassificationRetainsSpoolAndNeverCreditsDelivery(status: 409, isolated: True, suspended: False)" computerName="DESKTOP-OCQ1IM7" duration="00:00:00.0181453" startTime="2026-10-05T16:55:36.1280100+02:00" endTime="2026-10-05T16:55:36.1399341+02:00" testType="13cdc9d9-ddb5-4fa4-a97d-d965ccfc6d4b" outcome="Passed" testListId="8c84fa94-04c1-424b-9868-57a2d4851a1d" relativeResultsDirectory="68ac3c62-7323-4d57-b90a-a1db61a340bc" />
    <UnitTestResult executionId="ed7cf990-02cd-4c86-b805-7b952653bc5e" testId="40a2de54-573f-eb8f-cb53-7c11fc69c0cb" testName="Monitoring.Probe.Tests.DeliveryTests.ExponentialJitterRetryAfterAndRetryCapAreFinite" computerName="DESKTOP-OCQ1IM7" duration="00:00:00.0025094" startTime="2026-10-05T16:55:36.3960868+02:00" endTime="2026-10-05T16:55:36.3985446+02:00" testType="13cdc9d9-ddb5-4fa4-a97d-d965ccfc6d4b" outcome="Passed" testListId="8c84fa94-04c1-424b-9868-57a2d4851a1d" relativeResultsDirectory="ed7cf990-02cd-4c86-b805-7b952653bc5e" />
    <UnitTestResult executionId="e0a84dc6-e32a-4094-9573-1fc9d2fe5dda" testId="0aafc8c7-4c5d-def6-3214-73ae029aa240" testName="Monitoring.Probe.Tests.DeliveryTests.LostAckThenRestartReplaysExactBytesAndDeletesOnlyAfterEmpty200" computerName="DESKTOP-OCQ1IM7" duration="00:00:00.0268672" startTime="2026-10-05T16:55:36.3468690+02:00" endTime="2026-10-05T16:55:36.3739147+02:00" testType="13cdc9d9-ddb5-4fa4-a97d-d965ccfc6d4b" outcome="Passed" testListId="8c84fa94-04c1-424b-9868-57a2d4851a1d" relativeResultsDirectory="e0a84dc6-e32a-4094-9573-1fc9d2fe5dda" />
    <UnitTestResult executionId="42a19d06-5169-4482-9971-fae0a25bf8f1" testId="2d3910a5-9c42-4980-c59b-042532af52f5" testName="Monitoring.Probe.Tests.DeliveryTests.FailureClassificationRetainsSpoolAndNeverCreditsDelivery(status: 403, isolated: False, suspended: True)" computerName="DESKTOP-OCQ1IM7" duration="00:00:00.0140013" startTime="2026-10-05T16:55:36.1843398+02:00" endTime="2026-10-05T16:55:36.1985092+02:00" testType="13cdc9d9-ddb5-4fa4-a97d-d965ccfc6d4b" outcome="Passed" testListId="8c84fa94-04c1-424b-9868-57a2d4851a1d" relativeResultsDirectory="42a19d06-5169-4482-9971-fae0a25bf8f1" />
  </Results>
  <TestDefinitions>
    <UnitTest name="Monitoring.Probe.Tests.DeliveryTests.ConcurrentCallsIssueOnlyOneRequestAndTimeoutKeepsDurableBody" storage="c:\users\sn4ke\dev\activos\monitorizacion-pasiva-red\tests\monitoring.probe.tests\bin\debug\net10.0\monitoring.probe.tests.dll" id="e8881eac-0a20-b704-16c2-e46838857745">
      <Execution id="7041f3fc-d4d7-48e9-8c7b-8385de2e91cf" />
      <TestMethod codeBase="C:\Users\sn4ke\dev\activos\monitorizacion-pasiva-red\tests\Monitoring.Probe.Tests\bin\Debug\net10.0\Monitoring.Probe.Tests.dll" adapterTypeName="executor://xunit/VsTestRunner3/netcore/" className="Monitoring.Probe.Tests.DeliveryTests" name="ConcurrentCallsIssueOnlyOneRequestAndTimeoutKeepsDurableBody" />
    </UnitTest>
    <UnitTest name="Monitoring.Probe.Tests.DeliveryTests.FailureClassificationRetainsSpoolAndNeverCreditsDelivery(status: 500, isolated: False, suspended: False)" storage="c:\users\sn4ke\dev\activos\monitorizacion-pasiva-red\tests\monitoring.probe.tests\bin\debug\net10.0\monitoring.probe.tests.dll" id="9bb47e04-5977-e796-09b4-cde5342bd05f">
      <Execution id="e0e6be07-7945-414b-bdaf-1f2fff4cba7f" />
      <TestMethod codeBase="C:\Users\sn4ke\dev\activos\monitorizacion-pasiva-red\tests\Monitoring.Probe.Tests\bin\Debug\net10.0\Monitoring.Probe.Tests.dll" adapterTypeName="executor://xunit/VsTestRunner3/netcore/" className="Monitoring.Probe.Tests.DeliveryTests" name="FailureClassificationRetainsSpoolAndNeverCreditsDelivery" />
    </UnitTest>
    <UnitTest name="Monitoring.Probe.Tests.DeliveryTests.NonEmpty200IsNotAcknowledgedAndRetryAfterIsRespected" storage="c:\users\sn4ke\dev\activos\monitorizacion-pasiva-red\tests\monitoring.probe.tests\bin\debug\net10.0\monitoring.probe.tests.dll" id="3a359abc-81d9-6005-f690-d81e4555dcf0">
      <Execution id="07dba303-ada0-49f6-bb63-1b39c7c3491a" />
      <TestMethod codeBase="C:\Users\sn4ke\dev\activos\monitorizacion-pasiva-red\tests\Monitoring.Probe.Tests\bin\Debug\net10.0\Monitoring.Probe.Tests.dll" adapterTypeName="executor://xunit/VsTestRunner3/netcore/" className="Monitoring.Probe.Tests.DeliveryTests" name="NonEmpty200IsNotAcknowledgedAndRetryAfterIsRespected" />
    </UnitTest>
    <UnitTest name="Monitoring.Probe.Tests.DeliveryTests.FailureClassificationRetainsSpoolAndNeverCreditsDelivery(status: 429, isolated: False, suspended: False)" storage="c:\users\sn4ke\dev\activos\monitorizacion-pasiva-red\tests\monitoring.probe.tests\bin\debug\net10.0\monitoring.probe.tests.dll" id="23f4e45b-50e8-3875-87ab-e5399d7d58ed">
      <Execution id="501e6e30-1e38-4447-bd18-5597b9426b96" />
      <TestMethod codeBase="C:\Users\sn4ke\dev\activos\monitorizacion-pasiva-red\tests\Monitoring.Probe.Tests\bin\Debug\net10.0\Monitoring.Probe.Tests.dll" adapterTypeName="executor://xunit/VsTestRunner3/netcore/" className="Monitoring.Probe.Tests.DeliveryTests" name="FailureClassificationRetainsSpoolAndNeverCreditsDelivery" />
    </UnitTest>
    <UnitTest name="Monitoring.Probe.Tests.DeliveryTests.FailureClassificationRetainsSpoolAndNeverCreditsDelivery(status: 400, isolated: True, suspended: False)" storage="c:\users\sn4ke\dev\activos\monitorizacion-pasiva-red\tests\monitoring.probe.tests\bin\debug\net10.0\monitoring.probe.tests.dll" id="735fa075-7eeb-ec0d-2961-9ec87f6c1c9a">
      <Execution id="1776c3ac-bafb-4c2b-ae6f-cb23dec67f44" />
      <TestMethod codeBase="C:\Users\sn4ke\dev\activos\monitorizacion-pasiva-red\tests\Monitoring.Probe.Tests\bin\Debug\net10.0\Monitoring.Probe.Tests.dll" adapterTypeName="executor://xunit/VsTestRunner3/netcore/" className="Monitoring.Probe.Tests.DeliveryTests" name="FailureClassificationRetainsSpoolAndNeverCreditsDelivery" />
    </UnitTest>
    <UnitTest name="Monitoring.Probe.Tests.DeliveryTests.FailureClassificationRetainsSpoolAndNeverCreditsDelivery(status: 403, isolated: False, suspended: True)" storage="c:\users\sn4ke\dev\activos\monitorizacion-pasiva-red\tests\monitoring.probe.tests\bin\debug\net10.0\monitoring.probe.tests.dll" id="2d3910a5-9c42-4980-c59b-042532af52f5">
      <Execution id="42a19d06-5169-4482-9971-fae0a25bf8f1" />
      <TestMethod codeBase="C:\Users\sn4ke\dev\activos\monitorizacion-pasiva-red\tests\Monitoring.Probe.Tests\bin\Debug\net10.0\Monitoring.Probe.Tests.dll" adapterTypeName="executor://xunit/VsTestRunner3/netcore/" className="Monitoring.Probe.Tests.DeliveryTests" name="FailureClassificationRetainsSpoolAndNeverCreditsDelivery" />
    </UnitTest>
    <UnitTest name="Monitoring.Probe.Tests.DeliveryTests.FailureClassificationRetainsSpoolAndNeverCreditsDelivery(status: 409, isolated: True, suspended: False)" storage="c:\users\sn4ke\dev\activos\monitorizacion-pasiva-red\tests\monitoring.probe.tests\bin\debug\net10.0\monitoring.probe.tests.dll" id="b86c46b8-c7c2-184e-22b5-d276c11c4bb2">
      <Execution id="68ac3c62-7323-4d57-b90a-a1db61a340bc" />
      <TestMethod codeBase="C:\Users\sn4ke\dev\activos\monitorizacion-pasiva-red\tests\Monitoring.Probe.Tests\bin\Debug\net10.0\Monitoring.Probe.Tests.dll" adapterTypeName="executor://xunit/VsTestRunner3/netcore/" className="Monitoring.Probe.Tests.DeliveryTests" name="FailureClassificationRetainsSpoolAndNeverCreditsDelivery" />
    </UnitTest>
    <UnitTest name="Monitoring.Probe.Tests.DeliveryTests.LostAckThenRestartReplaysExactBytesAndDeletesOnlyAfterEmpty200" storage="c:\users\sn4ke\dev\activos\monitorizacion-pasiva-red\tests\monitoring.probe.tests\bin\debug\net10.0\monitoring.probe.tests.dll" id="0aafc8c7-4c5d-def6-3214-73ae029aa240">
      <Execution id="e0a84dc6-e32a-4094-9573-1fc9d2fe5dda" />
      <TestMethod codeBase="C:\Users\sn4ke\dev\activos\monitorizacion-pasiva-red\tests\Monitoring.Probe.Tests\bin\Debug\net10.0\Monitoring.Probe.Tests.dll" adapterTypeName="executor://xunit/VsTestRunner3/netcore/" className="Monitoring.Probe.Tests.DeliveryTests" name="LostAckThenRestartReplaysExactBytesAndDeletesOnlyAfterEmpty200" />
    </UnitTest>
    <UnitTest name="Monitoring.Probe.Tests.DeliveryTests.ExponentialJitterRetryAfterAndRetryCapAreFinite" storage="c:\users\sn4ke\dev\activos\monitorizacion-pasiva-red\tests\monitoring.probe.tests\bin\debug\net10.0\monitoring.probe.tests.dll" id="40a2de54-573f-eb8f-cb53-7c11fc69c0cb">
      <Execution id="ed7cf990-02cd-4c86-b805-7b952653bc5e" />
      <TestMethod codeBase="C:\Users\sn4ke\dev\activos\monitorizacion-pasiva-red\tests\Monitoring.Probe.Tests\bin\Debug\net10.0\Monitoring.Probe.Tests.dll" adapterTypeName="executor://xunit/VsTestRunner3/netcore/" className="Monitoring.Probe.Tests.DeliveryTests" name="ExponentialJitterRetryAfterAndRetryCapAreFinite" />
    </UnitTest>
    <UnitTest name="Monitoring.Probe.Tests.DeliveryTests.FailureClassificationRetainsSpoolAndNeverCreditsDelivery(status: 401, isolated: False, suspended: True)" storage="c:\users\sn4ke\dev\activos\monitorizacion-pasiva-red\tests\monitoring.probe.tests\bin\debug\net10.0\monitoring.probe.tests.dll" id="ca242c63-77b6-ad6c-6f8b-dd45acbcf040">
      <Execution id="d7c9f51a-5325-45e6-a79a-bb458eea4ae9" />
      <TestMethod codeBase="C:\Users\sn4ke\dev\activos\monitorizacion-pasiva-red\tests\Monitoring.Probe.Tests\bin\Debug\net10.0\Monitoring.Probe.Tests.dll" adapterTypeName="executor://xunit/VsTestRunner3/netcore/" className="Monitoring.Probe.Tests.DeliveryTests" name="FailureClassificationRetainsSpoolAndNeverCreditsDelivery" />
    </UnitTest>
    <UnitTest name="Monitoring.Probe.Tests.DeliveryTests.FailureClassificationRetainsSpoolAndNeverCreditsDelivery(status: 202, isolated: False, suspended: False)" storage="c:\users\sn4ke\dev\activos\monitorizacion-pasiva-red\tests\monitoring.probe.tests\bin\debug\net10.0\monitoring.probe.tests.dll" id="4861c463-7fc4-c5e5-9073-c2955a5316e4">
      <Execution id="b1f19654-ecbf-4387-b23f-ca1221c89ec7" />
      <TestMethod codeBase="C:\Users\sn4ke\dev\activos\monitorizacion-pasiva-red\tests\Monitoring.Probe.Tests\bin\Debug\net10.0\Monitoring.Probe.Tests.dll" adapterTypeName="executor://xunit/VsTestRunner3/netcore/" className="Monitoring.Probe.Tests.DeliveryTests" name="FailureClassificationRetainsSpoolAndNeverCreditsDelivery" />
    </UnitTest>
  </TestDefinitions>
  <TestEntries>
    <TestEntry testId="ca242c63-77b6-ad6c-6f8b-dd45acbcf040" executionId="d7c9f51a-5325-45e6-a79a-bb458eea4ae9" testListId="8c84fa94-04c1-424b-9868-57a2d4851a1d" />
    <TestEntry testId="e8881eac-0a20-b704-16c2-e46838857745" executionId="7041f3fc-d4d7-48e9-8c7b-8385de2e91cf" testListId="8c84fa94-04c1-424b-9868-57a2d4851a1d" />
    <TestEntry testId="735fa075-7eeb-ec0d-2961-9ec87f6c1c9a" executionId="1776c3ac-bafb-4c2b-ae6f-cb23dec67f44" testListId="8c84fa94-04c1-424b-9868-57a2d4851a1d" />
    <TestEntry testId="9bb47e04-5977-e796-09b4-cde5342bd05f" executionId="e0e6be07-7945-414b-bdaf-1f2fff4cba7f" testListId="8c84fa94-04c1-424b-9868-57a2d4851a1d" />
    <TestEntry testId="3a359abc-81d9-6005-f690-d81e4555dcf0" executionId="07dba303-ada0-49f6-bb63-1b39c7c3491a" testListId="8c84fa94-04c1-424b-9868-57a2d4851a1d" />
    <TestEntry testId="4861c463-7fc4-c5e5-9073-c2955a5316e4" executionId="b1f19654-ecbf-4387-b23f-ca1221c89ec7" testListId="8c84fa94-04c1-424b-9868-57a2d4851a1d" />
    <TestEntry testId="23f4e45b-50e8-3875-87ab-e5399d7d58ed" executionId="501e6e30-1e38-4447-bd18-5597b9426b96" testListId="8c84fa94-04c1-424b-9868-57a2d4851a1d" />
    <TestEntry testId="b86c46b8-c7c2-184e-22b5-d276c11c4bb2" executionId="68ac3c62-7323-4d57-b90a-a1db61a340bc" testListId="8c84fa94-04c1-424b-9868-57a2d4851a1d" />
    <TestEntry testId="40a2de54-573f-eb8f-cb53-7c11fc69c0cb" executionId="ed7cf990-02cd-4c86-b805-7b952653bc5e" testListId="8c84fa94-04c1-424b-9868-57a2d4851a1d" />
    <TestEntry testId="0aafc8c7-4c5d-def6-3214-73ae029aa240" executionId="e0a84dc6-e32a-4094-9573-1fc9d2fe5dda" testListId="8c84fa94-04c1-424b-9868-57a2d4851a1d" />
    <TestEntry testId="2d3910a5-9c42-4980-c59b-042532af52f5" executionId="42a19d06-5169-4482-9971-fae0a25bf8f1" testListId="8c84fa94-04c1-424b-9868-57a2d4851a1d" />
  </TestEntries>
  <TestLists>
    <TestList name="Resultados sin formato de lista" id="8c84fa94-04c1-424b-9868-57a2d4851a1d" />
    <TestList name="Todos los resultados cargados" id="19431567-8539-422a-85d7-44ee4e166bda" />
  </TestLists>
  <ResultSummary outcome="Completed">
    <Counters total="11" executed="11" passed="11" failed="0" error="0" timeout="0" aborted="0" inconclusive="0" passedButRunAborted="0" notRunnable="0" notExecuted="0" disconnected="0" warning="0" completed="0" inProgress="0" pending="0" />
    <Output>
      <StdOut>[xUnit.net 00:00:00.00] xUnit.net VSTest Adapter v3.1.4+50e68bbb8b (64-bit .NET 10.0.12)&#xD;
[xUnit.net 00:00:00.07]   Discovering: Monitoring.Probe.Tests&#xD;
[xUnit.net 00:00:00.11]   Discovered:  Monitoring.Probe.Tests&#xD;
[xUnit.net 00:00:00.13]   Starting:    Monitoring.Probe.Tests&#xD;
[xUnit.net 00:00:00.55]   Finished:    Monitoring.Probe.Tests&#xD;
</StdOut>
    </Output>
  </ResultSummary>
</TestRun>