  Monitoring.Domain -> C:\Users\sn4ke\dev\activos\monitorizacion-pasiva-red\src\Monitoring.Domain\bin\Debug\net10.0\Monitoring.Domain.dll
  Monitoring.Persistence -> C:\Users\sn4ke\dev\activos\monitorizacion-pasiva-red\src\Monitoring.Persistence\bin\Debug\net10.0\Monitoring.Persistence.dll
  Monitoring.Host -> C:\Users\sn4ke\dev\activos\monitorizacion-pasiva-red\src\Monitoring.Host\bin\Debug\net10.0\Monitoring.Host.dll
C:\Program Files\dotnet\sdk\10.0.303\Microsoft.Common.CurrentVersion.targets(4919,5): warning MSB3026: No se pudo copiar "obj\Debug\net10.0\Monitoring.Tests.dll" en "bin\Debug\net10.0\Monitoring.Tests.dll". Se iniciará el reintento 1 dentro de 1000ms. The process cannot access the file 'C:\Users\sn4ke\dev\activos\monitorizacion-pasiva-red\tests\Monitoring.Tests\bin\Debug\net10.0\Monitoring.Tests.dll' because it is being used by another process. El archivo se ha bloqueado por: "testhost (38204)" [C:\Users\sn4ke\dev\activos\monitorizacion-pasiva-red\tests\Monitoring.Tests\Monitoring.Tests.csproj]
C:\Program Files\dotnet\sdk\10.0.303\Microsoft.Common.CurrentVersion.targets(4919,5): warning MSB3026: No se pudo copiar "obj\Debug\net10.0\Monitoring.Tests.dll" en "bin\Debug\net10.0\Monitoring.Tests.dll". Se iniciará el reintento 2 dentro de 1000ms. The process cannot access the file 'C:\Users\sn4ke\dev\activos\monitorizacion-pasiva-red\tests\Monitoring.Tests\bin\Debug\net10.0\Monitoring.Tests.dll' because it is being used by another process. El archivo se ha bloqueado por: "testhost (38204)" [C:\Users\sn4ke\dev\activos\monitorizacion-pasiva-red\tests\Monitoring.Tests\Monitoring.Tests.csproj]
C:\Program Files\dotnet\sdk\10.0.303\Microsoft.Common.CurrentVersion.targets(4919,5): warning MSB3026: No se pudo copiar "obj\Debug\net10.0\Monitoring.Tests.dll" en "bin\Debug\net10.0\Monitoring.Tests.dll". Se iniciará el reintento 3 dentro de 1000ms. The process cannot access the file 'C:\Users\sn4ke\dev\activos\monitorizacion-pasiva-red\tests\Monitoring.Tests\bin\Debug\net10.0\Monitoring.Tests.dll' because it is being used by another process. El archivo se ha bloqueado por: "testhost (38204)" [C:\Users\sn4ke\dev\activos\monitorizacion-pasiva-red\tests\Monitoring.Tests\Monitoring.Tests.csproj]
C:\Program Files\dotnet\sdk\10.0.303\Microsoft.Common.CurrentVersion.targets(4919,5): warning MSB3026: No se pudo copiar "obj\Debug\net10.0\Monitoring.Tests.dll" en "bin\Debug\net10.0\Monitoring.Tests.dll". Se iniciará el reintento 4 dentro de 1000ms. The process cannot access the file 'C:\Users\sn4ke\dev\activos\monitorizacion-pasiva-red\tests\Monitoring.Tests\bin\Debug\net10.0\Monitoring.Tests.dll' because it is being used by another process. El archivo se ha bloqueado por: "testhost (38204)" [C:\Users\sn4ke\dev\activos\monitorizacion-pasiva-red\tests\Monitoring.Tests\Monitoring.Tests.csproj]
C:\Program Files\dotnet\sdk\10.0.303\Microsoft.Common.CurrentVersion.targets(4919,5): warning MSB3026: No se pudo copiar "obj\Debug\net10.0\Monitoring.Tests.dll" en "bin\Debug\net10.0\Monitoring.Tests.dll". Se iniciará el reintento 5 dentro de 1000ms. The process cannot access the file 'C:\Users\sn4ke\dev\activos\monitorizacion-pasiva-red\tests\Monitoring.Tests\bin\Debug\net10.0\Monitoring.Tests.dll' because it is being used by another process. El archivo se ha bloqueado por: "testhost (38204)" [C:\Users\sn4ke\dev\activos\monitorizacion-pasiva-red\tests\Monitoring.Tests\Monitoring.Tests.csproj]
C:\Program Files\dotnet\sdk\10.0.303\Microsoft.Common.CurrentVersion.targets(4919,5): warning MSB3026: No se pudo copiar "obj\Debug\net10.0\Monitoring.Tests.dll" en "bin\Debug\net10.0\Monitoring.Tests.dll". Se iniciará el reintento 6 dentro de 1000ms. The process cannot access the file 'C:\Users\sn4ke\dev\activos\monitorizacion-pasiva-red\tests\Monitoring.Tests\bin\Debug\net10.0\Monitoring.Tests.dll' because it is being used by another process. El archivo se ha bloqueado por: "testhost (38204)" [C:\Users\sn4ke\dev\activos\monitorizacion-pasiva-red\tests\Monitoring.Tests\Monitoring.Tests.csproj]
  Monitoring.Tests -> C:\Users\sn4ke\dev\activos\monitorizacion-pasiva-red\tests\Monitoring.Tests\bin\Debug\net10.0\Monitoring.Tests.dll
Serie de pruebas para C:\Users\sn4ke\dev\activos\monitorizacion-pasiva-red\tests\Monitoring.Tests\bin\Debug\net10.0\Monitoring.Tests.dll (.NETCoreApp,Version=v10.0)
1 archivos de prueba en total coincidieron con el patrón especificado.
[xUnit.net 00:00:06.27]     Monitoring.Tests.OutboxTests.ProjectionPublishesOneCanonicalRecordAcrossConcurrentWorkersAndReplay [FAIL]
  Con error Monitoring.Tests.OutboxTests.ProjectionPublishesOneCanonicalRecordAcrossConcurrentWorkersAndReplay [1 s]
  Mensaje de error:
   Assert.Equal() Failure: Values differ
Expected: 2
Actual:   0
  Seguimiento de la pila:
     at Monitoring.Tests.OutboxTests.ProjectionPublishesOneCanonicalRecordAcrossConcurrentWorkersAndReplay() in C:\Users\sn4ke\dev\activos\monitorizacion-pasiva-red\tests\Monitoring.Tests\OutboxTests.cs:line 23
--- End of stack trace from previous location ---
Archivo de resultados: C:\Users\sn4ke\dev\activos\monitorizacion-pasiva-red\openspec\changes\producto-monitorizacion-final\evidence\foundation-timestamp-red.trx

Con error! - Con error:     1, Superado:     0, Omitido:     0, Total:     1, Duración: 1 s - Monitoring.Tests.dll (net10.0)
