  Monitoring.Domain -> C:\Users\sn4ke\dev\activos\monitorizacion-pasiva-red\src\Monitoring.Domain\bin\Debug\net10.0\Monitoring.Domain.dll
  Monitoring.Persistence -> C:\Users\sn4ke\dev\activos\monitorizacion-pasiva-red\src\Monitoring.Persistence\bin\Debug\net10.0\Monitoring.Persistence.dll
  Monitoring.Host -> C:\Users\sn4ke\dev\activos\monitorizacion-pasiva-red\src\Monitoring.Host\bin\Debug\net10.0\Monitoring.Host.dll
  Monitoring.Tests -> C:\Users\sn4ke\dev\activos\monitorizacion-pasiva-red\tests\Monitoring.Tests\bin\Debug\net10.0\Monitoring.Tests.dll
Serie de pruebas para C:\Users\sn4ke\dev\activos\monitorizacion-pasiva-red\tests\Monitoring.Tests\bin\Debug\net10.0\Monitoring.Tests.dll (.NETCoreApp,Version=v10.0)
1 archivos de prueba en total coincidieron con el patrón especificado.
[xUnit.net 00:00:00.32]     Monitoring.Tests.CanonicalSessionTests.CapturedContractNormalizesMetadataWithoutChangingAcceptedData [FAIL]
[xUnit.net 00:00:00.32]     Monitoring.Tests.CanonicalSessionTests.HistoricalSyntheticHasNoInventedCaptureMetadata [FAIL]
[xUnit.net 00:00:00.32]     Monitoring.Tests.CanonicalSessionTests.DocumentKeysAreUnambiguousAndIncludeAllIdentityComponents [FAIL]
  Con error Monitoring.Tests.CanonicalSessionTests.CapturedContractNormalizesMetadataWithoutChangingAcceptedData [2 ms]
  Mensaje de error:
   Assert.True() Failure
Expected: True
Actual:   False
  Seguimiento de la pila:
     at Monitoring.Tests.CanonicalSessionTests.CapturedContractNormalizesMetadataWithoutChangingAcceptedData() in C:\Users\sn4ke\dev\activos\monitorizacion-pasiva-red\tests\Monitoring.Tests\CanonicalSessionTests.cs:line 17
   at System.Reflection.MethodBaseInvoker.InterpretedInvoke_Method(Object obj, IntPtr* args)
   at System.Reflection.MethodBaseInvoker.InvokeWithNoArgs(Object obj, BindingFlags invokeAttr)
  Con error Monitoring.Tests.CanonicalSessionTests.HistoricalSyntheticHasNoInventedCaptureMetadata [< 1 ms]
  Mensaje de error:
   Assert.True() Failure
Expected: True
Actual:   False
  Seguimiento de la pila:
     at Monitoring.Tests.CanonicalSessionTests.HistoricalSyntheticHasNoInventedCaptureMetadata() in C:\Users\sn4ke\dev\activos\monitorizacion-pasiva-red\tests\Monitoring.Tests\CanonicalSessionTests.cs:line 31
   at System.Reflection.MethodBaseInvoker.InterpretedInvoke_Method(Object obj, IntPtr* args)
   at System.Reflection.MethodBaseInvoker.InvokeWithNoArgs(Object obj, BindingFlags invokeAttr)
  Con error Monitoring.Tests.CanonicalSessionTests.DocumentKeysAreUnambiguousAndIncludeAllIdentityComponents [1 ms]
  Mensaje de error:
   Assert.Equal() Failure: Strings differ
           ↓ (pos 0)
Expected: "c2l0ZQ.c2Vuc29y.ZXZlbnQ"
Actual:   ""
  Seguimiento de la pila:
     at Monitoring.Tests.CanonicalSessionTests.DocumentKeysAreUnambiguousAndIncludeAllIdentityComponents() in C:\Users\sn4ke\dev\activos\monitorizacion-pasiva-red\tests\Monitoring.Tests\CanonicalSessionTests.cs:line 63
   at System.Reflection.MethodBaseInvoker.InterpretedInvoke_Method(Object obj, IntPtr* args)
   at System.Reflection.MethodBaseInvoker.InvokeWithNoArgs(Object obj, BindingFlags invokeAttr)
[xUnit.net 00:00:05.35]     Monitoring.Tests.OutboxTests.MarkingFailureRollsBackSessionMetadataIdentityAndOutboxThenRestartRecovers [FAIL]
  Con error Monitoring.Tests.OutboxTests.MarkingFailureRollsBackSessionMetadataIdentityAndOutboxThenRestartRecovers [1 s]
  Mensaje de error:
   Npgsql.PostgresException : 42P01: relation "monitoring.session_metadata" does not exist

POSITION: 22
  Seguimiento de la pila:
     at Npgsql.Internal.NpgsqlConnector.ReadMessageLong(Boolean async, DataRowLoadingMode dataRowLoadingMode, Boolean readingNotifications, Boolean isReadingPrependedMessage)
   at System.Runtime.CompilerServices.PoolingAsyncValueTaskMethodBuilder`1.StateMachineBox`1.System.Threading.Tasks.Sources.IValueTaskSource<TResult>.GetResult(Int16 token)
   at Npgsql.NpgsqlDataReader.NextResult(Boolean async, Boolean isConsuming, CancellationToken cancellationToken)
   at Npgsql.NpgsqlDataReader.NextResult(Boolean async, Boolean isConsuming, CancellationToken cancellationToken)
   at Npgsql.NpgsqlCommand.ExecuteReader(Boolean async, CommandBehavior behavior, CancellationToken cancellationToken)
   at Npgsql.NpgsqlCommand.ExecuteReader(Boolean async, CommandBehavior behavior, CancellationToken cancellationToken)
   at Npgsql.NpgsqlCommand.ExecuteScalar(Boolean async, CancellationToken cancellationToken)
   at Monitoring.Tests.SessionTestDatabase.ScalarAsync(String connectionString, String sql) in C:\Users\sn4ke\dev\activos\monitorizacion-pasiva-red\tests\Monitoring.Tests\SessionProjectionTests.cs:line 153
   at Monitoring.Tests.SessionTestDatabase.ScalarAsync(String connectionString, String sql) in C:\Users\sn4ke\dev\activos\monitorizacion-pasiva-red\tests\Monitoring.Tests\SessionProjectionTests.cs:line 153
   at Monitoring.Tests.SessionTestDatabase.ScalarAsync(String connectionString, String sql) in C:\Users\sn4ke\dev\activos\monitorizacion-pasiva-red\tests\Monitoring.Tests\SessionProjectionTests.cs:line 153
   at Monitoring.Tests.OutboxTests.MarkingFailureRollsBackSessionMetadataIdentityAndOutboxThenRestartRecovers() in C:\Users\sn4ke\dev\activos\monitorizacion-pasiva-red\tests\Monitoring.Tests\OutboxTests.cs:line 36
--- End of stack trace from previous location ---
[xUnit.net 00:00:06.20]     Monitoring.Tests.OutboxTests.ProjectionPublishesOneCanonicalRecordAcrossConcurrentWorkersAndReplay [FAIL]
[xUnit.net 00:00:06.31]     Monitoring.Tests.OutboxTests.UpgradeBackfillsValidHistoricalSessionsOnceWithoutChangingFiveColumnProjection [FAIL]
  Con error Monitoring.Tests.OutboxTests.ProjectionPublishesOneCanonicalRecordAcrossConcurrentWorkersAndReplay [854 ms]
  Mensaje de error:
   Assert.Equal() Failure: Values differ
Expected: 2
Actual:   0
  Seguimiento de la pila:
     at Monitoring.Tests.OutboxTests.ProjectionPublishesOneCanonicalRecordAcrossConcurrentWorkersAndReplay() in C:\Users\sn4ke\dev\activos\monitorizacion-pasiva-red\tests\Monitoring.Tests\OutboxTests.cs:line 18
--- End of stack trace from previous location ---
  Con error Monitoring.Tests.OutboxTests.UpgradeBackfillsValidHistoricalSessionsOnceWithoutChangingFiveColumnProjection [104 ms]
  Mensaje de error:
   System.InvalidOperationException : The migration '202609290003_SessionProjection' was not found.
  Seguimiento de la pila:
     at Microsoft.EntityFrameworkCore.Migrations.MigrationsAssemblyExtensions.GetMigrationId(IMigrationsAssembly assembly, String nameOrId)
   at Microsoft.EntityFrameworkCore.Migrations.Internal.Migrator.PopulateMigrations(IEnumerable`1 appliedMigrationEntries, String targetMigration, MigratorData& parameters)
   at Microsoft.EntityFrameworkCore.Migrations.Internal.Migrator.MigrateImplementationAsync(DbContext context, String targetMigration, MigrationExecutionState state, Boolean useTransaction, CancellationToken cancellationToken)
   at Microsoft.EntityFrameworkCore.Migrations.Internal.Migrator.MigrateImplementationAsync(DbContext context, String targetMigration, MigrationExecutionState state, Boolean useTransaction, CancellationToken cancellationToken)
   at Microsoft.EntityFrameworkCore.Migrations.Internal.Migrator.<>c.<<MigrateAsync>b__22_1>d.MoveNext()
--- End of stack trace from previous location ---
   at Npgsql.EntityFrameworkCore.PostgreSQL.Storage.Internal.NpgsqlExecutionStrategy.ExecuteAsync[TState,TResult](TState state, Func`4 operation, Func`4 verifySucceeded, CancellationToken cancellationToken)
   at Microsoft.EntityFrameworkCore.Migrations.Internal.Migrator.MigrateAsync(String targetMigration, CancellationToken cancellationToken)
   at Microsoft.EntityFrameworkCore.Migrations.Internal.Migrator.MigrateAsync(String targetMigration, CancellationToken cancellationToken)
   at Npgsql.EntityFrameworkCore.PostgreSQL.Migrations.Internal.NpgsqlMigrator.MigrateAsync(String targetMigration, CancellationToken cancellationToken)
   at Monitoring.Tests.OutboxTests.UpgradeBackfillsValidHistoricalSessionsOnceWithoutChangingFiveColumnProjection() in C:\Users\sn4ke\dev\activos\monitorizacion-pasiva-red\tests\Monitoring.Tests\OutboxTests.cs:line 49
   at Monitoring.Tests.OutboxTests.UpgradeBackfillsValidHistoricalSessionsOnceWithoutChangingFiveColumnProjection() in C:\Users\sn4ke\dev\activos\monitorizacion-pasiva-red\tests\Monitoring.Tests\OutboxTests.cs:line 49
--- End of stack trace from previous location ---
Archivo de resultados: C:\Users\sn4ke\dev\activos\monitorizacion-pasiva-red\openspec\changes\producto-monitorizacion-final\evidence\foundation-domain-outbox-red.trx

Con error! - Con error:     6, Superado:    11, Omitido:     0, Total:    17, Duración: 6 s - Monitoring.Tests.dll (net10.0)
