<?xml version="1.0" encoding="utf-8"?>
<TestRun id="088d030f-8a0b-4c4c-82e2-def2a8fe8f5c" name="sn4ke@DESKTOP-OCQ1IM7 2026-10-05 16:04:29" runUser="DESKTOP-OCQ1IM7\sn4ke" xmlns="http://microsoft.com/schemas/VisualStudio/TeamTest/2010">
  <Times creation="2026-10-05T16:04:29.1525677+02:00" queuing="2026-10-05T16:04:29.1525678+02:00" start="2026-10-05T16:04:28.6003487+02:00" finish="2026-10-05T16:04:40.2120680+02:00" />
  <TestSettings name="default" id="a91cb2f9-55c7-40a9-876b-23b9d1b421d7">
    <Deployment runDeploymentRoot="sn4ke_DESKTOP-OCQ1IM7_2026-10-05_16_04_29" />
  </TestSettings>
  <Results>
    <UnitTestResult executionId="6b61671c-daab-4eaf-995b-91c6151cd7d7" testId="75268ca7-b66c-0129-7710-dbe4feea5f3e" testName="Monitoring.Tests.SyntheticSessionContractTests.UnknownOrInvalidSessionsRemainUnrecognized(json: &quot;{\&quot;kind\&quot;:\&quot;synthetic-session\&quot;,\&quot;version\&quot;:1,\&quot;so&quot;···)" computerName="DESKTOP-OCQ1IM7" duration="00:00:00.0000076" startTime="2026-10-05T16:04:29.1339694+02:00" endTime="2026-10-05T16:04:29.1339935+02:00" testType="13cdc9d9-ddb5-4fa4-a97d-d965ccfc6d4b" outcome="Passed" testListId="8c84fa94-04c1-424b-9868-57a2d4851a1d" relativeResultsDirectory="6b61671c-daab-4eaf-995b-91c6151cd7d7" />
    <UnitTestResult executionId="e48c70e5-1acd-418b-907d-09c158fb9750" testId="d6c2ff88-f125-c46f-f7f9-ccd6ea46f5a5" testName="Monitoring.Tests.SyntheticSessionContractTests.UnknownOrInvalidSessionsRemainUnrecognized(json: &quot;{\&quot;kind\&quot;:\&quot;synthetic-session\&quot;,\&quot;version\&quot;:1,\&quot;so&quot;···)" computerName="DESKTOP-OCQ1IM7" duration="00:00:00.0001637" startTime="2026-10-05T16:04:29.1099865+02:00" endTime="2026-10-05T16:04:29.1100124+02:00" testType="13cdc9d9-ddb5-4fa4-a97d-d965ccfc6d4b" outcome="Passed" testListId="8c84fa94-04c1-424b-9868-57a2d4851a1d" relativeResultsDirectory="e48c70e5-1acd-418b-907d-09c158fb9750" />
    <UnitTestResult executionId="f995483d-96da-4f16-88a2-ec2666ca4da4" testId="f76edf8d-0b7a-073f-2721-44ab2d84cc04" testName="Monitoring.Tests.SyntheticSessionContractTests.UnknownOrInvalidSessionsRemainUnrecognized(json: &quot;{\&quot;kind\&quot;:\&quot;synthetic-session\&quot;,\&quot;version\&quot;:1,\&quot;so&quot;···)" computerName="DESKTOP-OCQ1IM7" duration="00:00:00.0000056" startTime="2026-10-05T16:04:29.1336498+02:00" endTime="2026-10-05T16:04:29.1336837+02:00" testType="13cdc9d9-ddb5-4fa4-a97d-d965ccfc6d4b" outcome="Passed" testListId="8c84fa94-04c1-424b-9868-57a2d4851a1d" relativeResultsDirectory="f995483d-96da-4f16-88a2-ec2666ca4da4" />
    <UnitTestResult executionId="e7cf2d12-8d97-4a84-b697-e0f8c3dba186" testId="ca85581f-c8aa-b700-755a-3f41c97f71c2" testName="Monitoring.Tests.SyntheticSessionContractTests.UnknownOrInvalidSessionsRemainUnrecognized(json: &quot;{\&quot;kind\&quot;:\&quot;synthetic-session\&quot;,\&quot;version\&quot;:1,\&quot;so&quot;···)" computerName="DESKTOP-OCQ1IM7" duration="00:00:00.0000147" startTime="2026-10-05T16:04:29.1100554+02:00" endTime="2026-10-05T16:04:29.1100795+02:00" testType="13cdc9d9-ddb5-4fa4-a97d-d965ccfc6d4b" outcome="Passed" testListId="8c84fa94-04c1-424b-9868-57a2d4851a1d" relativeResultsDirectory="e7cf2d12-8d97-4a84-b697-e0f8c3dba186" />
    <UnitTestResult executionId="de0f5a04-7f29-4b8d-a00d-749559aaf334" testId="9e76901f-d4ba-88d5-981f-f4016a8c2f71" testName="Monitoring.Tests.SyntheticSessionContractTests.UnknownOrInvalidSessionsRemainUnrecognized(json: &quot;{\&quot;kind\&quot;:\&quot;other\&quot;,\&quot;version\&quot;:1,\&quot;sourceIp\&quot;:\&quot;1&quot;···)" computerName="DESKTOP-OCQ1IM7" duration="00:00:00.0006832" startTime="2026-10-05T16:04:29.1092353+02:00" endTime="2026-10-05T16:04:29.1093363+02:00" testType="13cdc9d9-ddb5-4fa4-a97d-d965ccfc6d4b" outcome="Passed" testListId="8c84fa94-04c1-424b-9868-57a2d4851a1d" relativeResultsDirectory="de0f5a04-7f29-4b8d-a00d-749559aaf334" />
    <UnitTestResult executionId="eff4e673-ea21-40be-a299-c500e1c73852" testId="37883029-ccf0-9ddc-ef46-ab0351db3493" testName="Monitoring.Tests.SyntheticSessionContractTests.UnknownOrInvalidSessionsRemainUnrecognized(json: &quot;{\&quot;kind\&quot;:\&quot;synthetic-session\&quot;,\&quot;version\&quot;:1,\&quot;so&quot;···)" computerName="DESKTOP-OCQ1IM7" duration="00:00:00.0000113" startTime="2026-10-05T16:04:29.1338390+02:00" endTime="2026-10-05T16:04:29.1338667+02:00" testType="13cdc9d9-ddb5-4fa4-a97d-d965ccfc6d4b" outcome="Passed" testListId="8c84fa94-04c1-424b-9868-57a2d4851a1d" relativeResultsDirectory="eff4e673-ea21-40be-a299-c500e1c73852" />
    <UnitTestResult executionId="36c6a4a1-56fe-4806-a96c-647f907d97e3" testId="e856e926-8a52-12cb-0a43-68a347403e5a" testName="Monitoring.Tests.SyntheticSessionContractTests.UnknownOrInvalidSessionsRemainUnrecognized(json: &quot;{\&quot;kind\&quot;:\&quot;synthetic-session\&quot;,\&quot;version\&quot;:1,\&quot;so&quot;···)" computerName="DESKTOP-OCQ1IM7" duration="00:00:00.0000122" startTime="2026-10-05T16:04:29.1101910+02:00" endTime="2026-10-05T16:04:29.1102144+02:00" testType="13cdc9d9-ddb5-4fa4-a97d-d965ccfc6d4b" outcome="Passed" testListId="8c84fa94-04c1-424b-9868-57a2d4851a1d" relativeResultsDirectory="36c6a4a1-56fe-4806-a96c-647f907d97e3" />
    <UnitTestResult executionId="b2cc3343-a5e5-4a78-b792-2cae1013644d" testId="346a191f-b2dd-f923-e320-feb8287b8e71" testName="Monitoring.Tests.SyntheticSessionContractTests.UnknownOrInvalidSessionsRemainUnrecognized(json: &quot;{\&quot;kind\&quot;:\&quot;synthetic-session\&quot;,\&quot;version\&quot;:1,\&quot;so&quot;···)" computerName="DESKTOP-OCQ1IM7" duration="00:00:00.0000069" startTime="2026-10-05T16:04:29.1348843+02:00" endTime="2026-10-05T16:04:29.1349075+02:00" testType="13cdc9d9-ddb5-4fa4-a97d-d965ccfc6d4b" outcome="Passed" testListId="8c84fa94-04c1-424b-9868-57a2d4851a1d" relativeResultsDirectory="b2cc3343-a5e5-4a78-b792-2cae1013644d" />
    <UnitTestResult executionId="42a77075-95af-48b3-bd3a-a183d521af19" testId="00b28603-c0eb-b2fb-4ed1-72a04c4b5ce1" testName="Monitoring.Tests.SyntheticSessionContractTests.UnknownOrInvalidSessionsRemainUnrecognized(json: &quot;[]&quot;)" computerName="DESKTOP-OCQ1IM7" duration="00:00:00.0001026" startTime="2026-10-05T16:04:29.1337573+02:00" endTime="2026-10-05T16:04:29.1337838+02:00" testType="13cdc9d9-ddb5-4fa4-a97d-d965ccfc6d4b" outcome="Passed" testListId="8c84fa94-04c1-424b-9868-57a2d4851a1d" relativeResultsDirectory="42a77075-95af-48b3-bd3a-a183d521af19" />
    <UnitTestResult executionId="31b3e16e-c851-404e-8ed0-9665cd53f7cc" testId="76e86934-75a7-9901-4df2-6d56ef595ea0" testName="Monitoring.Tests.SyntheticSessionContractTests.UnknownOrInvalidSessionsRemainUnrecognized(json: &quot;null&quot;)" computerName="DESKTOP-OCQ1IM7" duration="00:00:00.0000082" startTime="2026-10-05T16:04:29.1317510+02:00" endTime="2026-10-05T16:04:29.1317934+02:00" testType="13cdc9d9-ddb5-4fa4-a97d-d965ccfc6d4b" outcome="Passed" testListId="8c84fa94-04c1-424b-9868-57a2d4851a1d" relativeResultsDirectory="31b3e16e-c851-404e-8ed0-9665cd53f7cc" />
    <UnitTestResult executionId="dbf019d7-d0af-4416-98ac-1d2ddca45681" testId="d7efe13b-56c0-074b-f5d6-d1dc2b65cff1" testName="Monitoring.Tests.SyntheticSessionContractTests.UnknownOrInvalidSessionsRemainUnrecognized(json: &quot;{\&quot;kind\&quot;:\&quot;synthetic-session\&quot;,\&quot;version\&quot;:1,\&quot;so&quot;···)" computerName="DESKTOP-OCQ1IM7" duration="00:00:00.0000069" startTime="2026-10-05T16:04:29.1102526+02:00" endTime="2026-10-05T16:04:29.1102773+02:00" testType="13cdc9d9-ddb5-4fa4-a97d-d965ccfc6d4b" outcome="Passed" testListId="8c84fa94-04c1-424b-9868-57a2d4851a1d" relativeResultsDirectory="dbf019d7-d0af-4416-98ac-1d2ddca45681" />
    <UnitTestResult executionId="840d2a67-1aa1-4a80-8619-3565e3349b8d" testId="0722c564-d44e-bdd6-4712-ebf0b3fe97ad" testName="Monitoring.Tests.SyntheticSessionContractTests.UnknownOrInvalidSessionsRemainUnrecognized(json: &quot;{\&quot;version\&quot;:1,\&quot;sourceIp\&quot;:\&quot;192.0.2.1\&quot;,\&quot;destin&quot;···)" computerName="DESKTOP-OCQ1IM7" duration="00:00:00.0000072" startTime="2026-10-05T16:04:29.1313632+02:00" endTime="2026-10-05T16:04:29.1314151+02:00" testType="13cdc9d9-ddb5-4fa4-a97d-d965ccfc6d4b" outcome="Passed" testListId="8c84fa94-04c1-424b-9868-57a2d4851a1d" relativeResultsDirectory="840d2a67-1aa1-4a80-8619-3565e3349b8d" />
    <UnitTestResult executionId="949b55db-f72e-43c4-93e3-a257c19919ba" testId="bf710eb8-2f0f-4162-e8ad-f8aa809a2a69" testName="Monitoring.Tests.SyntheticSessionContractTests.UnknownOrInvalidSessionsRemainUnrecognized(json: &quot;{\&quot;kind\&quot;:\&quot;synthetic-session\&quot;,\&quot;version\&quot;:1,\&quot;ve&quot;···)" computerName="DESKTOP-OCQ1IM7" duration="00:00:00.0000120" startTime="2026-10-05T16:04:29.1103482+02:00" endTime="2026-10-05T16:04:29.1103764+02:00" testType="13cdc9d9-ddb5-4fa4-a97d-d965ccfc6d4b" outcome="Passed" testListId="8c84fa94-04c1-424b-9868-57a2d4851a1d" relativeResultsDirectory="949b55db-f72e-43c4-93e3-a257c19919ba" />
    <UnitTestResult executionId="3b2ffbdc-604c-45c6-b1a0-e0eec0d0466b" testId="d35ed068-1256-1844-751a-d1e7962ac77a" testName="Monitoring.Tests.SessionProjectionTests.MarkingFailureRollsBackInsertAndRestartRecoversPending" computerName="DESKTOP-OCQ1IM7" duration="00:00:00.7931967" startTime="2026-10-05T16:04:36.8401245+02:00" endTime="2026-10-05T16:04:37.6334538+02:00" testType="13cdc9d9-ddb5-4fa4-a97d-d965ccfc6d4b" outcome="Passed" testListId="8c84fa94-04c1-424b-9868-57a2d4851a1d" relativeResultsDirectory="3b2ffbdc-604c-45c6-b1a0-e0eec0d0466b" />
    <UnitTestResult executionId="94c6f51b-1c7f-4c21-bdae-18af0b028190" testId="fc39ad97-b042-19e7-9537-2e7ead49db8b" testName="Monitoring.Tests.SyntheticSessionContractTests.UnknownOrInvalidSessionsRemainUnrecognized(json: &quot;{\&quot;kind\&quot;:\&quot;synthetic-session\&quot;,\&quot;version\&quot;:1,\&quot;so&quot;···)" computerName="DESKTOP-OCQ1IM7" duration="00:00:00.0000381" startTime="2026-10-05T16:04:29.1320853+02:00" endTime="2026-10-05T16:04:29.1321090+02:00" testType="13cdc9d9-ddb5-4fa4-a97d-d965ccfc6d4b" outcome="Passed" testListId="8c84fa94-04c1-424b-9868-57a2d4851a1d" relativeResultsDirectory="94c6f51b-1c7f-4c21-bdae-18af0b028190" />
    <UnitTestResult executionId="87ffd086-786c-4056-b663-b4add6a45133" testId="7081b75f-f9e4-5805-ac54-a6d2d8f4887a" testName="Monitoring.Tests.SyntheticSessionContractTests.UnknownOrInvalidSessionsRemainUnrecognized(json: &quot;{\&quot;kind\&quot;:\&quot;synthetic-session\&quot;,\&quot;version\&quot;:1,\&quot;so&quot;···)" computerName="DESKTOP-OCQ1IM7" duration="00:00:00.0000105" startTime="2026-10-05T16:04:29.1341853+02:00" endTime="2026-10-05T16:04:29.1342096+02:00" testType="13cdc9d9-ddb5-4fa4-a97d-d965ccfc6d4b" outcome="Passed" testListId="8c84fa94-04c1-424b-9868-57a2d4851a1d" relativeResultsDirectory="87ffd086-786c-4056-b663-b4add6a45133" />
    <UnitTestResult executionId="7eefd56e-4c8d-421d-813e-f9fef34f5687" testId="c812a9dc-33b7-eda7-2783-0626954fcf9a" testName="Monitoring.Tests.SyntheticSessionContractTests.UnknownOrInvalidSessionsRemainUnrecognized(json: &quot;{\&quot;kind\&quot;:\&quot;synthetic-session\&quot;,\&quot;version\&quot;:1,\&quot;so&quot;···)" computerName="DESKTOP-OCQ1IM7" duration="00:00:00.0000064" startTime="2026-10-05T16:04:29.1348176+02:00" endTime="2026-10-05T16:04:29.1348428+02:00" testType="13cdc9d9-ddb5-4fa4-a97d-d965ccfc6d4b" outcome="Passed" testListId="8c84fa94-04c1-424b-9868-57a2d4851a1d" relativeResultsDirectory="7eefd56e-4c8d-421d-813e-f9fef34f5687" />
    <UnitTestResult executionId="119e51d1-337b-42d3-9263-f0c98b4e9eb2" testId="580efedb-550f-6bd7-b7bf-d363294b2c2e" testName="Monitoring.Tests.SyntheticSessionContractTests.UnknownOrInvalidSessionsRemainUnrecognized(json: &quot;{\&quot;kind\&quot;:\&quot;synthetic-session\&quot;,\&quot;version\&quot;:1,\&quot;so&quot;···)" computerName="DESKTOP-OCQ1IM7" duration="00:00:00.0000067" startTime="2026-10-05T16:04:29.1351410+02:00" endTime="2026-10-05T16:04:29.1351632+02:00" testType="13cdc9d9-ddb5-4fa4-a97d-d965ccfc6d4b" outcome="Passed" testListId="8c84fa94-04c1-424b-9868-57a2d4851a1d" relativeResultsDirectory="119e51d1-337b-42d3-9263-f0c98b4e9eb2" />
    <UnitTestResult executionId="5d2e017b-ad6b-4f37-874c-d929ddb596be" testId="fed87590-15d2-b7b8-18d9-f5522b9a68a3" testName="Monitoring.Tests.SyntheticSessionContractTests.UnknownOrInvalidSessionsRemainUnrecognized(json: &quot;{\&quot;kind\&quot;:\&quot;synthetic-session\&quot;,\&quot;version\&quot;:1,\&quot;so&quot;···)" computerName="DESKTOP-OCQ1IM7" duration="00:00:00.0001169" startTime="2026-10-05T16:04:29.1349510+02:00" endTime="2026-10-05T16:04:29.1349952+02:00" testType="13cdc9d9-ddb5-4fa4-a97d-d965ccfc6d4b" outcome="Passed" testListId="8c84fa94-04c1-424b-9868-57a2d4851a1d" relativeResultsDirectory="5d2e017b-ad6b-4f37-874c-d929ddb596be" />
    <UnitTestResult executionId="beaa47f2-aac7-481c-8408-8450ca8f0e90" testId="5f78c32d-bd4b-2792-cd76-edd6728bc889" testName="Monitoring.Tests.SyntheticSessionContractTests.UnknownOrInvalidSessionsRemainUnrecognized(json: &quot;{\&quot;kind\&quot;:\&quot;synthetic-session\&quot;,\&quot;version\&quot;:1,\&quot;so&quot;···)" computerName="DESKTOP-OCQ1IM7" duration="00:00:00.0000039" startTime="2026-10-05T16:04:29.1316300+02:00" endTime="2026-10-05T16:04:29.1316708+02:00" testType="13cdc9d9-ddb5-4fa4-a97d-d965ccfc6d4b" outcome="Passed" testListId="8c84fa94-04c1-424b-9868-57a2d4851a1d" relativeResultsDirectory="beaa47f2-aac7-481c-8408-8450ca8f0e90" />
    <UnitTestResult executionId="1ef3b3ac-01de-4769-834e-242679f974be" testId="6280c412-ef23-0f88-df69-e4c19613e54d" testName="Monitoring.Tests.SessionProjectionTests.InitialProjectionAndEqualReplayPreserveOneSessionPerOrigin" computerName="DESKTOP-OCQ1IM7" duration="00:00:00.8444954" startTime="2026-10-05T16:04:35.1993311+02:00" endTime="2026-10-05T16:04:36.0439929+02:00" testType="13cdc9d9-ddb5-4fa4-a97d-d965ccfc6d4b" outcome="Passed" testListId="8c84fa94-04c1-424b-9868-57a2d4851a1d" relativeResultsDirectory="1ef3b3ac-01de-4769-834e-242679f974be" />
    <UnitTestResult executionId="498fca6f-1d35-4889-b5a9-4bde50a14bcb" testId="e47298e9-a87d-c890-5aa5-cc49d6c958a2" testName="Monitoring.Tests.MigrationTests.MigrateCreatesInboxSchemaAndCanBeRepeated" computerName="DESKTOP-OCQ1IM7" duration="00:00:01.7247406" startTime="2026-10-05T16:04:33.6800219+02:00" endTime="2026-10-05T16:04:35.4046011+02:00" testType="13cdc9d9-ddb5-4fa4-a97d-d965ccfc6d4b" outcome="Passed" testListId="8c84fa94-04c1-424b-9868-57a2d4851a1d" relativeResultsDirectory="498fca6f-1d35-4889-b5a9-4bde50a14bcb" />
    <UnitTestResult executionId="6f932342-cd3b-4a40-b24c-e001cf305ae4" testId="2c49c15f-7730-e948-1461-7faa002d2549" testName="Monitoring.Tests.SyntheticSessionContractTests.UnknownOrInvalidSessionsRemainUnrecognized(json: &quot;{\&quot;kind\&quot;:\&quot;synthetic-session\&quot;,\&quot;version\&quot;:2,\&quot;so&quot;···)" computerName="DESKTOP-OCQ1IM7" duration="00:00:00.0000043" startTime="2026-10-05T16:04:29.1342463+02:00" endTime="2026-10-05T16:04:29.1342691+02:00" testType="13cdc9d9-ddb5-4fa4-a97d-d965ccfc6d4b" outcome="Passed" testListId="8c84fa94-04c1-424b-9868-57a2d4851a1d" relativeResultsDirectory="6f932342-cd3b-4a40-b24c-e001cf305ae4" />
    <UnitTestResult executionId="76f854e3-c273-47fc-a373-10878c3e883e" testId="60a2524e-9d97-2f0f-e3f8-4a2de55b8b20" testName="Monitoring.Tests.SessionProjectionTests.MoreThanOnePageOfInvalidUnknownAndValidEventsDoesNotStarveLaterValidEvents" computerName="DESKTOP-OCQ1IM7" duration="00:00:01.8569466" startTime="2026-10-05T16:04:37.6336363+02:00" endTime="2026-10-05T16:04:39.4907517+02:00" testType="13cdc9d9-ddb5-4fa4-a97d-d965ccfc6d4b" outcome="Passed" testListId="8c84fa94-04c1-424b-9868-57a2d4851a1d" relativeResultsDirectory="76f854e3-c273-47fc-a373-10878c3e883e" />
    <UnitTestResult executionId="c7f77ae0-43bc-45f2-a66b-f14b3434f977" testId="fe09665a-e9ad-2f46-b60f-c1e29d1ca4c0" testName="Monitoring.Tests.SyntheticSessionContractTests.UnknownOrInvalidSessionsRemainUnrecognized(json: &quot;{\&quot;kind\&quot;:\&quot;synthetic-session\&quot;,\&quot;version\&quot;:1,\&quot;de&quot;···)" computerName="DESKTOP-OCQ1IM7" duration="00:00:00.0041452" startTime="2026-10-05T16:04:29.0916614+02:00" endTime="2026-10-05T16:04:29.1008703+02:00" testType="13cdc9d9-ddb5-4fa4-a97d-d965ccfc6d4b" outcome="Passed" testListId="8c84fa94-04c1-424b-9868-57a2d4851a1d" relativeResultsDirectory="c7f77ae0-43bc-45f2-a66b-f14b3434f977" />
    <UnitTestResult executionId="f795edd8-233f-4fab-b5b3-dad25069d7ff" testId="5ecf34ae-f98c-47af-5136-2bc9341bc95f" testName="Monitoring.Tests.SyntheticSessionContractTests.UnknownOrInvalidSessionsRemainUnrecognized(json: &quot;{\&quot;kind\&quot;:1,\&quot;version\&quot;:1,\&quot;sourceIp\&quot;:\&quot;192.0.2.1&quot;···)" computerName="DESKTOP-OCQ1IM7" duration="00:00:00.0000116" startTime="2026-10-05T16:04:29.1350541+02:00" endTime="2026-10-05T16:04:29.1350875+02:00" testType="13cdc9d9-ddb5-4fa4-a97d-d965ccfc6d4b" outcome="Passed" testListId="8c84fa94-04c1-424b-9868-57a2d4851a1d" relativeResultsDirectory="f795edd8-233f-4fab-b5b3-dad25069d7ff" />
    <UnitTestResult executionId="b2f2b12e-e58b-49a6-825c-a20581ab6a78" testId="69595161-038c-e3a5-685c-00192b879846" testName="Monitoring.Tests.SyntheticSessionContractTests.UnknownOrInvalidSessionsRemainUnrecognized(json: &quot;{\&quot;kind\&quot;:\&quot;synthetic-session\&quot;,\&quot;version\&quot;:1,\&quot;so&quot;···)" computerName="DESKTOP-OCQ1IM7" duration="00:00:00.0000078" startTime="2026-10-05T16:04:29.1352038+02:00" endTime="2026-10-05T16:04:29.1352378+02:00" testType="13cdc9d9-ddb5-4fa4-a97d-d965ccfc6d4b" outcome="Passed" testListId="8c84fa94-04c1-424b-9868-57a2d4851a1d" relativeResultsDirectory="b2f2b12e-e58b-49a6-825c-a20581ab6a78" />
    <UnitTestResult executionId="d28a9715-2c22-457b-b29b-9044b22b2dc0" testId="e8d2f18c-0ee6-9245-9245-2b91ed368d9d" testName="Monitoring.Tests.SyntheticSessionContractTests.UnknownOrInvalidSessionsRemainUnrecognized(json: &quot;{\&quot;kind\&quot;:\&quot;synthetic-session\&quot;,\&quot;version\&quot;:1,\&quot;so&quot;···)" computerName="DESKTOP-OCQ1IM7" duration="00:00:00.0000112" startTime="2026-10-05T16:04:29.1320262+02:00" endTime="2026-10-05T16:04:29.1320492+02:00" testType="13cdc9d9-ddb5-4fa4-a97d-d965ccfc6d4b" outcome="Passed" testListId="8c84fa94-04c1-424b-9868-57a2d4851a1d" relativeResultsDirectory="d28a9715-2c22-457b-b29b-9044b22b2dc0" />
    <UnitTestResult executionId="4f67b0b4-607b-487b-b0b5-f2d9f73879e4" testId="9629fce5-e341-4be3-0c09-c8d1733c8630" testName="Monitoring.Tests.SyntheticSessionContractTests.UnknownOrInvalidSessionsRemainUnrecognized(json: &quot;{\&quot;kind\&quot;:\&quot;synthetic-session\&quot;,\&quot;sourceIp\&quot;:\&quot;192&quot;···)" computerName="DESKTOP-OCQ1IM7" duration="00:00:00.0000051" startTime="2026-10-05T16:04:29.1321499+02:00" endTime="2026-10-05T16:04:29.1321737+02:00" testType="13cdc9d9-ddb5-4fa4-a97d-d965ccfc6d4b" outcome="Passed" testListId="8c84fa94-04c1-424b-9868-57a2d4851a1d" relativeResultsDirectory="4f67b0b4-607b-487b-b0b5-f2d9f73879e4" />
    <UnitTestResult executionId="dda898b9-658c-4fdb-af50-2696e9600bbf" testId="a2053357-35a1-fd65-87c5-797275821afa" testName="Monitoring.Tests.SyntheticSessionContractTests.UnknownOrInvalidSessionsRemainUnrecognized(json: &quot;{\&quot;kind\&quot;:\&quot;synthetic-session\&quot;,\&quot;version\&quot;:1,\&quot;so&quot;···)" computerName="DESKTOP-OCQ1IM7" duration="00:00:00.0000051" startTime="2026-10-05T16:04:29.1347304+02:00" endTime="2026-10-05T16:04:29.1347672+02:00" testType="13cdc9d9-ddb5-4fa4-a97d-d965ccfc6d4b" outcome="Passed" testListId="8c84fa94-04c1-424b-9868-57a2d4851a1d" relativeResultsDirectory="dda898b9-658c-4fdb-af50-2696e9600bbf" />
    <UnitTestResult executionId="b522e2de-3608-49d0-a453-e0bab3d83e12" testId="881caa0d-5b3f-05c8-a47a-3e9176970017" testName="Monitoring.Tests.SessionSchemaTests.UpgradeS02PreservesPendingDataAndAddsCompositeProjectionAndPartialIndex" computerName="DESKTOP-OCQ1IM7" duration="00:00:00.6586480" startTime="2026-10-05T16:04:33.8473291+02:00" endTime="2026-10-05T16:04:34.5077888+02:00" testType="13cdc9d9-ddb5-4fa4-a97d-d965ccfc6d4b" outcome="Passed" testListId="8c84fa94-04c1-424b-9868-57a2d4851a1d" relativeResultsDirectory="b522e2de-3608-49d0-a453-e0bab3d83e12" />
    <UnitTestResult executionId="967e7c09-b612-4ed8-81c6-e08e7e9357b2" testId="8864d888-d480-f6fb-f5c5-d01d8d71afaf" testName="Monitoring.Tests.SyntheticSessionContractTests.ValidSessionsPreserveOriginalValues(protocol: &quot;TCP&quot;, fraction: &quot;&quot;, source: &quot;192.0.2.1&quot;, destination: &quot;2001:db8::2&quot;, sourcePort: 0, destinationPort: 65535)" computerName="DESKTOP-OCQ1IM7" duration="00:00:00.0002508" startTime="2026-10-05T16:04:29.1360208+02:00" endTime="2026-10-05T16:04:29.1360464+02:00" testType="13cdc9d9-ddb5-4fa4-a97d-d965ccfc6d4b" outcome="Passed" testListId="8c84fa94-04c1-424b-9868-57a2d4851a1d" relativeResultsDirectory="967e7c09-b612-4ed8-81c6-e08e7e9357b2" />
    <UnitTestResult executionId="ab96d88a-f9c8-4f3f-ba12-a4e5ff74b793" testId="7e891174-cf33-115a-8fd2-d7c2f625d00b" testName="Monitoring.Tests.SyntheticSessionContractTests.UnknownOrInvalidSessionsRemainUnrecognized(json: &quot;{\&quot;kind\&quot;:\&quot;synthetic-session\&quot;,\&quot;version\&quot;:1,\&quot;so&quot;···)" computerName="DESKTOP-OCQ1IM7" duration="00:00:00.0000051" startTime="2026-10-05T16:04:29.1322118+02:00" endTime="2026-10-05T16:04:29.1322333+02:00" testType="13cdc9d9-ddb5-4fa4-a97d-d965ccfc6d4b" outcome="Passed" testListId="8c84fa94-04c1-424b-9868-57a2d4851a1d" relativeResultsDirectory="ab96d88a-f9c8-4f3f-ba12-a4e5ff74b793" />
    <UnitTestResult executionId="e12684f4-d239-4504-9338-b77bec1b1a3c" testId="c748854a-8b6b-4522-a2ae-6305fc3740eb" testName="Monitoring.Tests.SyntheticSessionContractTests.UnknownOrInvalidSessionsRemainUnrecognized(json: &quot;{\&quot;kind\&quot;:\&quot;synthetic-session\&quot;,\&quot;version\&quot;:\&quot;1\&quot;,&quot;···)" computerName="DESKTOP-OCQ1IM7" duration="00:00:00.0000041" startTime="2026-10-05T16:04:29.1340361+02:00" endTime="2026-10-05T16:04:29.1340611+02:00" testType="13cdc9d9-ddb5-4fa4-a97d-d965ccfc6d4b" outcome="Passed" testListId="8c84fa94-04c1-424b-9868-57a2d4851a1d" relativeResultsDirectory="e12684f4-d239-4504-9338-b77bec1b1a3c" />
    <UnitTestResult executionId="0ec1f48d-f8b8-4de2-90c3-80308cec372b" testId="aabc666d-6ff7-4bfd-7dfd-87d5b9bad976" testName="Monitoring.Tests.SyntheticSessionContractTests.UnknownOrInvalidSessionsRemainUnrecognized(json: &quot;{\&quot;kind\&quot;:\&quot;synthetic-session\&quot;,\&quot;version\&quot;:1,\&quot;so&quot;···)" computerName="DESKTOP-OCQ1IM7" duration="00:00:00.0020527" startTime="2026-10-05T16:04:29.1101189+02:00" endTime="2026-10-05T16:04:29.1101512+02:00" testType="13cdc9d9-ddb5-4fa4-a97d-d965ccfc6d4b" outcome="Passed" testListId="8c84fa94-04c1-424b-9868-57a2d4851a1d" relativeResultsDirectory="0ec1f48d-f8b8-4de2-90c3-80308cec372b" />
    <UnitTestResult executionId="c7207b26-ab73-4e13-8e32-2748455e14b1" testId="c34d0de7-f910-1472-4443-213e3717765b" testName="Monitoring.Tests.SyntheticSessionContractTests.UnknownOrInvalidSessionsRemainUnrecognized(json: &quot;{\&quot;kind\&quot;:\&quot;synthetic-session\&quot;,\&quot;version\&quot;:1,\&quot;so&quot;···)" computerName="DESKTOP-OCQ1IM7" duration="00:00:00.0000152" startTime="2026-10-05T16:04:29.1099002+02:00" endTime="2026-10-05T16:04:29.1099336+02:00" testType="13cdc9d9-ddb5-4fa4-a97d-d965ccfc6d4b" outcome="Passed" testListId="8c84fa94-04c1-424b-9868-57a2d4851a1d" relativeResultsDirectory="c7207b26-ab73-4e13-8e32-2748455e14b1" />
    <UnitTestResult executionId="8969e3d1-d82e-4e85-bc6b-ccec18328cbb" testId="974d66ed-987a-88e5-bc91-458ef306f454" testName="Monitoring.Tests.SyntheticSessionContractTests.UnknownOrInvalidSessionsRemainUnrecognized(json: &quot;{\&quot;kind\&quot;:\&quot;synthetic-session\&quot;,\&quot;version\&quot;:1,\&quot;so&quot;···)" computerName="DESKTOP-OCQ1IM7" duration="00:00:00.0000098" startTime="2026-10-05T16:04:29.1339079+02:00" endTime="2026-10-05T16:04:29.1339313+02:00" testType="13cdc9d9-ddb5-4fa4-a97d-d965ccfc6d4b" outcome="Passed" testListId="8c84fa94-04c1-424b-9868-57a2d4851a1d" relativeResultsDirectory="8969e3d1-d82e-4e85-bc6b-ccec18328cbb" />
    <UnitTestResult executionId="c06281b8-a65e-4723-a92a-d179e0b7fd9c" testId="c4ff5415-c7dd-79c3-691b-9f576b81c66a" testName="Monitoring.Tests.SyntheticSessionContractTests.UnknownOrInvalidSessionsRemainUnrecognized(json: &quot;{\&quot;kind\&quot;:\&quot;synthetic-session\&quot;,\&quot;version\&quot;:1,\&quot;so&quot;···)" computerName="DESKTOP-OCQ1IM7" duration="00:00:00.0000079" startTime="2026-10-05T16:04:29.1341182+02:00" endTime="2026-10-05T16:04:29.1341429+02:00" testType="13cdc9d9-ddb5-4fa4-a97d-d965ccfc6d4b" outcome="Passed" testListId="8c84fa94-04c1-424b-9868-57a2d4851a1d" relativeResultsDirectory="c06281b8-a65e-4723-a92a-d179e0b7fd9c" />
    <UnitTestResult executionId="8429bbd3-518d-432b-93a7-0234b8645986" testId="bf949351-1f1d-abc9-377d-66029c78e8fb" testName="Monitoring.Tests.SyntheticSessionContractTests.UnknownOrInvalidSessionsRemainUnrecognized(json: &quot;{\&quot;kind\&quot;:\&quot;synthetic-session\&quot;,\&quot;version\&quot;:1,\&quot;so&quot;···)" computerName="DESKTOP-OCQ1IM7" duration="00:00:00.0000071" startTime="2026-10-05T16:04:29.1318696+02:00" endTime="2026-10-05T16:04:29.1319108+02:00" testType="13cdc9d9-ddb5-4fa4-a97d-d965ccfc6d4b" outcome="Passed" testListId="8c84fa94-04c1-424b-9868-57a2d4851a1d" relativeResultsDirectory="8429bbd3-518d-432b-93a7-0234b8645986" />
    <UnitTestResult executionId="7cf7eb5d-c399-4da7-ac22-091e6aff7cf4" testId="c37fd6ae-0973-cb93-8edb-be47b23abc87" testName="Monitoring.Tests.SessionProjectionTests.ConcurrentWorkersAndSkippedLockedEventRecoverOnNextPass" computerName="DESKTOP-OCQ1IM7" duration="00:00:01.1282696" startTime="2026-10-05T16:04:34.0706321+02:00" endTime="2026-10-05T16:04:35.1991393+02:00" testType="13cdc9d9-ddb5-4fa4-a97d-d965ccfc6d4b" outcome="Passed" testListId="8c84fa94-04c1-424b-9868-57a2d4851a1d" relativeResultsDirectory="7cf7eb5d-c399-4da7-ac22-091e6aff7cf4" />
    <UnitTestResult executionId="f538f5e3-dfd0-41eb-a5de-68bf7cad1ae2" testId="d07fd2ba-66de-c7c6-73ae-1f2cf27d03f3" testName="Monitoring.Tests.SessionProjectionTests.ConflictingProjectionRaisesInvariantWithoutOverwritingOrMarking" computerName="DESKTOP-OCQ1IM7" duration="00:00:00.7956995" startTime="2026-10-05T16:04:36.0451927+02:00" endTime="2026-10-05T16:04:36.8399832+02:00" testType="13cdc9d9-ddb5-4fa4-a97d-d965ccfc6d4b" outcome="Passed" testListId="8c84fa94-04c1-424b-9868-57a2d4851a1d" relativeResultsDirectory="f538f5e3-dfd0-41eb-a5de-68bf7cad1ae2" />
    <UnitTestResult executionId="1c156b1f-d509-497a-b87f-27137a0e98ce" testId="9f8b53ba-1adf-55a6-dd23-85755b228693" testName="Monitoring.Tests.SyntheticSessionContractTests.ValidSessionsPreserveOriginalValues(protocol: &quot;UDP&quot;, fraction: &quot;.123&quot;, source: &quot;2001:db8::1&quot;, destination: &quot;2001:db8::2&quot;, sourcePort: 53, destinationPort: 53)" computerName="DESKTOP-OCQ1IM7" duration="00:00:00.0084241" startTime="2026-10-05T16:04:29.1359377+02:00" endTime="2026-10-05T16:04:29.1359635+02:00" testType="13cdc9d9-ddb5-4fa4-a97d-d965ccfc6d4b" outcome="Passed" testListId="8c84fa94-04c1-424b-9868-57a2d4851a1d" relativeResultsDirectory="1c156b1f-d509-497a-b87f-27137a0e98ce" />
    <UnitTestResult executionId="2f65bf4e-656a-445f-a1be-e34748c05ebf" testId="9db18b00-a6e6-36df-b6e7-9f1fba27c929" testName="Monitoring.Tests.SyntheticSessionContractTests.UnknownOrInvalidSessionsRemainUnrecognized(json: &quot;{\&quot;kind\&quot;:\&quot;synthetic-session\&quot;,\&quot;version\&quot;:1,\&quot;so&quot;···)" computerName="DESKTOP-OCQ1IM7" duration="00:00:00.0001906" startTime="2026-10-05T16:04:29.1319590+02:00" endTime="2026-10-05T16:04:29.1319843+02:00" testType="13cdc9d9-ddb5-4fa4-a97d-d965ccfc6d4b" outcome="Passed" testListId="8c84fa94-04c1-424b-9868-57a2d4851a1d" relativeResultsDirectory="2f65bf4e-656a-445f-a1be-e34748c05ebf" />
    <UnitTestResult executionId="cdb43b1b-6b92-4da4-942c-ff87c3e93edd" testId="91830eea-3317-c16e-03ae-a892b551c1f4" testName="Monitoring.Tests.SyntheticSessionContractTests.ValidSessionsPreserveOriginalValues(protocol: &quot;UDP&quot;, fraction: &quot;.1&quot;, source: &quot;2001:db8::1&quot;, destination: &quot;192.0.2.2&quot;, sourcePort: 65535, destinationPort: 0)" computerName="DESKTOP-OCQ1IM7" duration="00:00:00.0000178" startTime="2026-10-05T16:04:29.1366300+02:00" endTime="2026-10-05T16:04:29.1366557+02:00" testType="13cdc9d9-ddb5-4fa4-a97d-d965ccfc6d4b" outcome="Passed" testListId="8c84fa94-04c1-424b-9868-57a2d4851a1d" relativeResultsDirectory="cdb43b1b-6b92-4da4-942c-ff87c3e93edd" />
    <UnitTestResult executionId="a3aa5001-10fa-4e8c-b72d-c1396c3e8795" testId="c3c1ad7a-3d6f-2368-0cc8-361035e0b5e1" testName="Monitoring.Tests.SyntheticSessionContractTests.ValidSessionsPreserveOriginalValues(protocol: &quot;TCP&quot;, fraction: &quot;.12&quot;, source: &quot;192.0.2.1&quot;, destination: &quot;192.0.2.2&quot;, sourcePort: 7, destinationPort: 8)" computerName="DESKTOP-OCQ1IM7" duration="00:00:00.0000225" startTime="2026-10-05T16:04:29.1365439+02:00" endTime="2026-10-05T16:04:29.1365750+02:00" testType="13cdc9d9-ddb5-4fa4-a97d-d965ccfc6d4b" outcome="Passed" testListId="8c84fa94-04c1-424b-9868-57a2d4851a1d" relativeResultsDirectory="a3aa5001-10fa-4e8c-b72d-c1396c3e8795" />
  </Results>
  <TestDefinitions>
    <UnitTest name="Monitoring.Tests.SessionProjectionTests.MoreThanOnePageOfInvalidUnknownAndValidEventsDoesNotStarveLaterValidEvents" storage="c:\users\sn4ke\dev\activos\monitorizacion-pasiva-red\tests\monitoring.tests\bin\debug\net10.0\monitoring.tests.dll" id="60a2524e-9d97-2f0f-e3f8-4a2de55b8b20">
      <Execution id="76f854e3-c273-47fc-a373-10878c3e883e" />
      <TestMethod codeBase="C:\Users\sn4ke\dev\activos\monitorizacion-pasiva-red\tests\Monitoring.Tests\bin\Debug\net10.0\Monitoring.Tests.dll" adapterTypeName="executor://xunit/VsTestRunner3/netcore/" className="Monitoring.Tests.SessionProjectionTests" name="MoreThanOnePageOfInvalidUnknownAndValidEventsDoesNotStarveLaterValidEvents" />
    </UnitTest>
    <UnitTest name="Monitoring.Tests.SyntheticSessionContractTests.UnknownOrInvalidSessionsRemainUnrecognized(json: &quot;{\&quot;kind\&quot;:\&quot;synthetic-session\&quot;,\&quot;version\&quot;:1,\&quot;so&quot;···)" storage="c:\users\sn4ke\dev\activos\monitorizacion-pasiva-red\tests\monitoring.tests\bin\debug\net10.0\monitoring.tests.dll" id="a2053357-35a1-fd65-87c5-797275821afa">
      <Execution id="dda898b9-658c-4fdb-af50-2696e9600bbf" />
      <TestMethod codeBase="C:\Users\sn4ke\dev\activos\monitorizacion-pasiva-red\tests\Monitoring.Tests\bin\Debug\net10.0\Monitoring.Tests.dll" adapterTypeName="executor://xunit/VsTestRunner3/netcore/" className="Monitoring.Tests.SyntheticSessionContractTests" name="UnknownOrInvalidSessionsRemainUnrecognized" />
    </UnitTest>
    <UnitTest name="Monitoring.Tests.SyntheticSessionContractTests.UnknownOrInvalidSessionsRemainUnrecognized(json: &quot;{\&quot;kind\&quot;:\&quot;synthetic-session\&quot;,\&quot;sourceIp\&quot;:\&quot;192&quot;···)" storage="c:\users\sn4ke\dev\activos\monitorizacion-pasiva-red\tests\monitoring.tests\bin\debug\net10.0\monitoring.tests.dll" id="9629fce5-e341-4be3-0c09-c8d1733c8630">
      <Execution id="4f67b0b4-607b-487b-b0b5-f2d9f73879e4" />
      <TestMethod codeBase="C:\Users\sn4ke\dev\activos\monitorizacion-pasiva-red\tests\Monitoring.Tests\bin\Debug\net10.0\Monitoring.Tests.dll" adapterTypeName="executor://xunit/VsTestRunner3/netcore/" className="Monitoring.Tests.SyntheticSessionContractTests" name="UnknownOrInvalidSessionsRemainUnrecognized" />
    </UnitTest>
    <UnitTest name="Monitoring.Tests.SyntheticSessionContractTests.UnknownOrInvalidSessionsRemainUnrecognized(json: &quot;{\&quot;kind\&quot;:\&quot;synthetic-session\&quot;,\&quot;version\&quot;:1,\&quot;so&quot;···)" storage="c:\users\sn4ke\dev\activos\monitorizacion-pasiva-red\tests\monitoring.tests\bin\debug\net10.0\monitoring.tests.dll" id="7e891174-cf33-115a-8fd2-d7c2f625d00b">
      <Execution id="ab96d88a-f9c8-4f3f-ba12-a4e5ff74b793" />
      <TestMethod codeBase="C:\Users\sn4ke\dev\activos\monitorizacion-pasiva-red\tests\Monitoring.Tests\bin\Debug\net10.0\Monitoring.Tests.dll" adapterTypeName="executor://xunit/VsTestRunner3/netcore/" className="Monitoring.Tests.SyntheticSessionContractTests" name="UnknownOrInvalidSessionsRemainUnrecognized" />
    </UnitTest>
    <UnitTest name="Monitoring.Tests.SyntheticSessionContractTests.UnknownOrInvalidSessionsRemainUnrecognized(json: &quot;{\&quot;version\&quot;:1,\&quot;sourceIp\&quot;:\&quot;192.0.2.1\&quot;,\&quot;destin&quot;···)" storage="c:\users\sn4ke\dev\activos\monitorizacion-pasiva-red\tests\monitoring.tests\bin\debug\net10.0\monitoring.tests.dll" id="0722c564-d44e-bdd6-4712-ebf0b3fe97ad">
      <Execution id="840d2a67-1aa1-4a80-8619-3565e3349b8d" />
      <TestMethod codeBase="C:\Users\sn4ke\dev\activos\monitorizacion-pasiva-red\tests\Monitoring.Tests\bin\Debug\net10.0\Monitoring.Tests.dll" adapterTypeName="executor://xunit/VsTestRunner3/netcore/" className="Monitoring.Tests.SyntheticSessionContractTests" name="UnknownOrInvalidSessionsRemainUnrecognized" />
    </UnitTest>
    <UnitTest name="Monitoring.Tests.SyntheticSessionContractTests.UnknownOrInvalidSessionsRemainUnrecognized(json: &quot;{\&quot;kind\&quot;:\&quot;synthetic-session\&quot;,\&quot;version\&quot;:1,\&quot;so&quot;···)" storage="c:\users\sn4ke\dev\activos\monitorizacion-pasiva-red\tests\monitoring.tests\bin\debug\net10.0\monitoring.tests.dll" id="c34d0de7-f910-1472-4443-213e3717765b">
      <Execution id="c7207b26-ab73-4e13-8e32-2748455e14b1" />
      <TestMethod codeBase="C:\Users\sn4ke\dev\activos\monitorizacion-pasiva-red\tests\Monitoring.Tests\bin\Debug\net10.0\Monitoring.Tests.dll" adapterTypeName="executor://xunit/VsTestRunner3/netcore/" className="Monitoring.Tests.SyntheticSessionContractTests" name="UnknownOrInvalidSessionsRemainUnrecognized" />
    </UnitTest>
    <UnitTest name="Monitoring.Tests.SyntheticSessionContractTests.UnknownOrInvalidSessionsRemainUnrecognized(json: &quot;{\&quot;kind\&quot;:\&quot;synthetic-session\&quot;,\&quot;version\&quot;:1,\&quot;so&quot;···)" storage="c:\users\sn4ke\dev\activos\monitorizacion-pasiva-red\tests\monitoring.tests\bin\debug\net10.0\monitoring.tests.dll" id="f76edf8d-0b7a-073f-2721-44ab2d84cc04">
      <Execution id="f995483d-96da-4f16-88a2-ec2666ca4da4" />
      <TestMethod codeBase="C:\Users\sn4ke\dev\activos\monitorizacion-pasiva-red\tests\Monitoring.Tests\bin\Debug\net10.0\Monitoring.Tests.dll" adapterTypeName="executor://xunit/VsTestRunner3/netcore/" className="Monitoring.Tests.SyntheticSessionContractTests" name="UnknownOrInvalidSessionsRemainUnrecognized" />
    </UnitTest>
    <UnitTest name="Monitoring.Tests.SessionProjectionTests.ConflictingProjectionRaisesInvariantWithoutOverwritingOrMarking" storage="c:\users\sn4ke\dev\activos\monitorizacion-pasiva-red\tests\monitoring.tests\bin\debug\net10.0\monitoring.tests.dll" id="d07fd2ba-66de-c7c6-73ae-1f2cf27d03f3">
      <Execution id="f538f5e3-dfd0-41eb-a5de-68bf7cad1ae2" />
      <TestMethod codeBase="C:\Users\sn4ke\dev\activos\monitorizacion-pasiva-red\tests\Monitoring.Tests\bin\Debug\net10.0\Monitoring.Tests.dll" adapterTypeName="executor://xunit/VsTestRunner3/netcore/" className="Monitoring.Tests.SessionProjectionTests" name="ConflictingProjectionRaisesInvariantWithoutOverwritingOrMarking" />
    </UnitTest>
    <UnitTest name="Monitoring.Tests.SessionSchemaTests.UpgradeS02PreservesPendingDataAndAddsCompositeProjectionAndPartialIndex" storage="c:\users\sn4ke\dev\activos\monitorizacion-pasiva-red\tests\monitoring.tests\bin\debug\net10.0\monitoring.tests.dll" id="881caa0d-5b3f-05c8-a47a-3e9176970017">
      <Execution id="b522e2de-3608-49d0-a453-e0bab3d83e12" />
      <TestMethod codeBase="C:\Users\sn4ke\dev\activos\monitorizacion-pasiva-red\tests\Monitoring.Tests\bin\Debug\net10.0\Monitoring.Tests.dll" adapterTypeName="executor://xunit/VsTestRunner3/netcore/" className="Monitoring.Tests.SessionSchemaTests" name="UpgradeS02PreservesPendingDataAndAddsCompositeProjectionAndPartialIndex" />
    </UnitTest>
    <UnitTest name="Monitoring.Tests.SyntheticSessionContractTests.UnknownOrInvalidSessionsRemainUnrecognized(json: &quot;{\&quot;kind\&quot;:\&quot;synthetic-session\&quot;,\&quot;version\&quot;:1,\&quot;so&quot;···)" storage="c:\users\sn4ke\dev\activos\monitorizacion-pasiva-red\tests\monitoring.tests\bin\debug\net10.0\monitoring.tests.dll" id="fc39ad97-b042-19e7-9537-2e7ead49db8b">
      <Execution id="94c6f51b-1c7f-4c21-bdae-18af0b028190" />
      <TestMethod codeBase="C:\Users\sn4ke\dev\activos\monitorizacion-pasiva-red\tests\Monitoring.Tests\bin\Debug\net10.0\Monitoring.Tests.dll" adapterTypeName="executor://xunit/VsTestRunner3/netcore/" className="Monitoring.Tests.SyntheticSessionContractTests" name="UnknownOrInvalidSessionsRemainUnrecognized" />
    </UnitTest>
    <UnitTest name="Monitoring.Tests.SyntheticSessionContractTests.UnknownOrInvalidSessionsRemainUnrecognized(json: &quot;{\&quot;kind\&quot;:\&quot;synthetic-session\&quot;,\&quot;version\&quot;:1,\&quot;so&quot;···)" storage="c:\users\sn4ke\dev\activos\monitorizacion-pasiva-red\tests\monitoring.tests\bin\debug\net10.0\monitoring.tests.dll" id="346a191f-b2dd-f923-e320-feb8287b8e71">
      <Execution id="b2cc3343-a5e5-4a78-b792-2cae1013644d" />
      <TestMethod codeBase="C:\Users\sn4ke\dev\activos\monitorizacion-pasiva-red\tests\Monitoring.Tests\bin\Debug\net10.0\Monitoring.Tests.dll" adapterTypeName="executor://xunit/VsTestRunner3/netcore/" className="Monitoring.Tests.SyntheticSessionContractTests" name="UnknownOrInvalidSessionsRemainUnrecognized" />
    </UnitTest>
    <UnitTest name="Monitoring.Tests.SyntheticSessionContractTests.UnknownOrInvalidSessionsRemainUnrecognized(json: &quot;{\&quot;kind\&quot;:\&quot;synthetic-session\&quot;,\&quot;version\&quot;:1,\&quot;so&quot;···)" storage="c:\users\sn4ke\dev\activos\monitorizacion-pasiva-red\tests\monitoring.tests\bin\debug\net10.0\monitoring.tests.dll" id="974d66ed-987a-88e5-bc91-458ef306f454">
      <Execution id="8969e3d1-d82e-4e85-bc6b-ccec18328cbb" />
      <TestMethod codeBase="C:\Users\sn4ke\dev\activos\monitorizacion-pasiva-red\tests\Monitoring.Tests\bin\Debug\net10.0\Monitoring.Tests.dll" adapterTypeName="executor://xunit/VsTestRunner3/netcore/" className="Monitoring.Tests.SyntheticSessionContractTests" name="UnknownOrInvalidSessionsRemainUnrecognized" />
    </UnitTest>
    <UnitTest name="Monitoring.Tests.SyntheticSessionContractTests.UnknownOrInvalidSessionsRemainUnrecognized(json: &quot;{\&quot;kind\&quot;:\&quot;synthetic-session\&quot;,\&quot;version\&quot;:\&quot;1\&quot;,&quot;···)" storage="c:\users\sn4ke\dev\activos\monitorizacion-pasiva-red\tests\monitoring.tests\bin\debug\net10.0\monitoring.tests.dll" id="c748854a-8b6b-4522-a2ae-6305fc3740eb">
      <Execution id="e12684f4-d239-4504-9338-b77bec1b1a3c" />
      <TestMethod codeBase="C:\Users\sn4ke\dev\activos\monitorizacion-pasiva-red\tests\Monitoring.Tests\bin\Debug\net10.0\Monitoring.Tests.dll" adapterTypeName="executor://xunit/VsTestRunner3/netcore/" className="Monitoring.Tests.SyntheticSessionContractTests" name="UnknownOrInvalidSessionsRemainUnrecognized" />
    </UnitTest>
    <UnitTest name="Monitoring.Tests.SyntheticSessionContractTests.UnknownOrInvalidSessionsRemainUnrecognized(json: &quot;{\&quot;kind\&quot;:\&quot;synthetic-session\&quot;,\&quot;version\&quot;:1,\&quot;so&quot;···)" storage="c:\users\sn4ke\dev\activos\monitorizacion-pasiva-red\tests\monitoring.tests\bin\debug\net10.0\monitoring.tests.dll" id="9db18b00-a6e6-36df-b6e7-9f1fba27c929">
      <Execution id="2f65bf4e-656a-445f-a1be-e34748c05ebf" />
      <TestMethod codeBase="C:\Users\sn4ke\dev\activos\monitorizacion-pasiva-red\tests\Monitoring.Tests\bin\Debug\net10.0\Monitoring.Tests.dll" adapterTypeName="executor://xunit/VsTestRunner3/netcore/" className="Monitoring.Tests.SyntheticSessionContractTests" name="UnknownOrInvalidSessionsRemainUnrecognized" />
    </UnitTest>
    <UnitTest name="Monitoring.Tests.SyntheticSessionContractTests.UnknownOrInvalidSessionsRemainUnrecognized(json: &quot;{\&quot;kind\&quot;:\&quot;synthetic-session\&quot;,\&quot;version\&quot;:1,\&quot;so&quot;···)" storage="c:\users\sn4ke\dev\activos\monitorizacion-pasiva-red\tests\monitoring.tests\bin\debug\net10.0\monitoring.tests.dll" id="69595161-038c-e3a5-685c-00192b879846">
      <Execution id="b2f2b12e-e58b-49a6-825c-a20581ab6a78" />
      <TestMethod codeBase="C:\Users\sn4ke\dev\activos\monitorizacion-pasiva-red\tests\Monitoring.Tests\bin\Debug\net10.0\Monitoring.Tests.dll" adapterTypeName="executor://xunit/VsTestRunner3/netcore/" className="Monitoring.Tests.SyntheticSessionContractTests" name="UnknownOrInvalidSessionsRemainUnrecognized" />
    </UnitTest>
    <UnitTest name="Monitoring.Tests.SyntheticSessionContractTests.UnknownOrInvalidSessionsRemainUnrecognized(json: &quot;{\&quot;kind\&quot;:\&quot;synthetic-session\&quot;,\&quot;version\&quot;:1,\&quot;so&quot;···)" storage="c:\users\sn4ke\dev\activos\monitorizacion-pasiva-red\tests\monitoring.tests\bin\debug\net10.0\monitoring.tests.dll" id="580efedb-550f-6bd7-b7bf-d363294b2c2e">
      <Execution id="119e51d1-337b-42d3-9263-f0c98b4e9eb2" />
      <TestMethod codeBase="C:\Users\sn4ke\dev\activos\monitorizacion-pasiva-red\tests\Monitoring.Tests\bin\Debug\net10.0\Monitoring.Tests.dll" adapterTypeName="executor://xunit/VsTestRunner3/netcore/" className="Monitoring.Tests.SyntheticSessionContractTests" name="UnknownOrInvalidSessionsRemainUnrecognized" />
    </UnitTest>
    <UnitTest name="Monitoring.Tests.SyntheticSessionContractTests.UnknownOrInvalidSessionsRemainUnrecognized(json: &quot;null&quot;)" storage="c:\users\sn4ke\dev\activos\monitorizacion-pasiva-red\tests\monitoring.tests\bin\debug\net10.0\monitoring.tests.dll" id="76e86934-75a7-9901-4df2-6d56ef595ea0">
      <Execution id="31b3e16e-c851-404e-8ed0-9665cd53f7cc" />
      <TestMethod codeBase="C:\Users\sn4ke\dev\activos\monitorizacion-pasiva-red\tests\Monitoring.Tests\bin\Debug\net10.0\Monitoring.Tests.dll" adapterTypeName="executor://xunit/VsTestRunner3/netcore/" className="Monitoring.Tests.SyntheticSessionContractTests" name="UnknownOrInvalidSessionsRemainUnrecognized" />
    </UnitTest>
    <UnitTest name="Monitoring.Tests.SyntheticSessionContractTests.UnknownOrInvalidSessionsRemainUnrecognized(json: &quot;{\&quot;kind\&quot;:\&quot;synthetic-session\&quot;,\&quot;version\&quot;:1,\&quot;so&quot;···)" storage="c:\users\sn4ke\dev\activos\monitorizacion-pasiva-red\tests\monitoring.tests\bin\debug\net10.0\monitoring.tests.dll" id="7081b75f-f9e4-5805-ac54-a6d2d8f4887a">
      <Execution id="87ffd086-786c-4056-b663-b4add6a45133" />
      <TestMethod codeBase="C:\Users\sn4ke\dev\activos\monitorizacion-pasiva-red\tests\Monitoring.Tests\bin\Debug\net10.0\Monitoring.Tests.dll" adapterTypeName="executor://xunit/VsTestRunner3/netcore/" className="Monitoring.Tests.SyntheticSessionContractTests" name="UnknownOrInvalidSessionsRemainUnrecognized" />
    </UnitTest>
    <UnitTest name="Monitoring.Tests.SessionProjectionTests.MarkingFailureRollsBackInsertAndRestartRecoversPending" storage="c:\users\sn4ke\dev\activos\monitorizacion-pasiva-red\tests\monitoring.tests\bin\debug\net10.0\monitoring.tests.dll" id="d35ed068-1256-1844-751a-d1e7962ac77a">
      <Execution id="3b2ffbdc-604c-45c6-b1a0-e0eec0d0466b" />
      <TestMethod codeBase="C:\Users\sn4ke\dev\activos\monitorizacion-pasiva-red\tests\Monitoring.Tests\bin\Debug\net10.0\Monitoring.Tests.dll" adapterTypeName="executor://xunit/VsTestRunner3/netcore/" className="Monitoring.Tests.SessionProjectionTests" name="MarkingFailureRollsBackInsertAndRestartRecoversPending" />
    </UnitTest>
    <UnitTest name="Monitoring.Tests.SyntheticSessionContractTests.UnknownOrInvalidSessionsRemainUnrecognized(json: &quot;{\&quot;kind\&quot;:\&quot;synthetic-session\&quot;,\&quot;version\&quot;:1,\&quot;so&quot;···)" storage="c:\users\sn4ke\dev\activos\monitorizacion-pasiva-red\tests\monitoring.tests\bin\debug\net10.0\monitoring.tests.dll" id="c812a9dc-33b7-eda7-2783-0626954fcf9a">
      <Execution id="7eefd56e-4c8d-421d-813e-f9fef34f5687" />
      <TestMethod codeBase="C:\Users\sn4ke\dev\activos\monitorizacion-pasiva-red\tests\Monitoring.Tests\bin\Debug\net10.0\Monitoring.Tests.dll" adapterTypeName="executor://xunit/VsTestRunner3/netcore/" className="Monitoring.Tests.SyntheticSessionContractTests" name="UnknownOrInvalidSessionsRemainUnrecognized" />
    </UnitTest>
    <UnitTest name="Monitoring.Tests.SyntheticSessionContractTests.ValidSessionsPreserveOriginalValues(protocol: &quot;TCP&quot;, fraction: &quot;&quot;, source: &quot;192.0.2.1&quot;, destination: &quot;2001:db8::2&quot;, sourcePort: 0, destinationPort: 65535)" storage="c:\users\sn4ke\dev\activos\monitorizacion-pasiva-red\tests\monitoring.tests\bin\debug\net10.0\monitoring.tests.dll" id="8864d888-d480-f6fb-f5c5-d01d8d71afaf">
      <Execution id="967e7c09-b612-4ed8-81c6-e08e7e9357b2" />
      <TestMethod codeBase="C:\Users\sn4ke\dev\activos\monitorizacion-pasiva-red\tests\Monitoring.Tests\bin\Debug\net10.0\Monitoring.Tests.dll" adapterTypeName="executor://xunit/VsTestRunner3/netcore/" className="Monitoring.Tests.SyntheticSessionContractTests" name="ValidSessionsPreserveOriginalValues" />
    </UnitTest>
    <UnitTest name="Monitoring.Tests.SyntheticSessionContractTests.UnknownOrInvalidSessionsRemainUnrecognized(json: &quot;{\&quot;kind\&quot;:\&quot;synthetic-session\&quot;,\&quot;version\&quot;:1,\&quot;de&quot;···)" storage="c:\users\sn4ke\dev\activos\monitorizacion-pasiva-red\tests\monitoring.tests\bin\debug\net10.0\monitoring.tests.dll" id="fe09665a-e9ad-2f46-b60f-c1e29d1ca4c0">
      <Execution id="c7f77ae0-43bc-45f2-a66b-f14b3434f977" />
      <TestMethod codeBase="C:\Users\sn4ke\dev\activos\monitorizacion-pasiva-red\tests\Monitoring.Tests\bin\Debug\net10.0\Monitoring.Tests.dll" adapterTypeName="executor://xunit/VsTestRunner3/netcore/" className="Monitoring.Tests.SyntheticSessionContractTests" name="UnknownOrInvalidSessionsRemainUnrecognized" />
    </UnitTest>
    <UnitTest name="Monitoring.Tests.SyntheticSessionContractTests.UnknownOrInvalidSessionsRemainUnrecognized(json: &quot;{\&quot;kind\&quot;:\&quot;synthetic-session\&quot;,\&quot;version\&quot;:1,\&quot;so&quot;···)" storage="c:\users\sn4ke\dev\activos\monitorizacion-pasiva-red\tests\monitoring.tests\bin\debug\net10.0\monitoring.tests.dll" id="37883029-ccf0-9ddc-ef46-ab0351db3493">
      <Execution id="eff4e673-ea21-40be-a299-c500e1c73852" />
      <TestMethod codeBase="C:\Users\sn4ke\dev\activos\monitorizacion-pasiva-red\tests\Monitoring.Tests\bin\Debug\net10.0\Monitoring.Tests.dll" adapterTypeName="executor://xunit/VsTestRunner3/netcore/" className="Monitoring.Tests.SyntheticSessionContractTests" name="UnknownOrInvalidSessionsRemainUnrecognized" />
    </UnitTest>
    <UnitTest name="Monitoring.Tests.SyntheticSessionContractTests.ValidSessionsPreserveOriginalValues(protocol: &quot;TCP&quot;, fraction: &quot;.12&quot;, source: &quot;192.0.2.1&quot;, destination: &quot;192.0.2.2&quot;, sourcePort: 7, destinationPort: 8)" storage="c:\users\sn4ke\dev\activos\monitorizacion-pasiva-red\tests\monitoring.tests\bin\debug\net10.0\monitoring.tests.dll" id="c3c1ad7a-3d6f-2368-0cc8-361035e0b5e1">
      <Execution id="a3aa5001-10fa-4e8c-b72d-c1396c3e8795" />
      <TestMethod codeBase="C:\Users\sn4ke\dev\activos\monitorizacion-pasiva-red\tests\Monitoring.Tests\bin\Debug\net10.0\Monitoring.Tests.dll" adapterTypeName="executor://xunit/VsTestRunner3/netcore/" className="Monitoring.Tests.SyntheticSessionContractTests" name="ValidSessionsPreserveOriginalValues" />
    </UnitTest>
    <UnitTest name="Monitoring.Tests.SyntheticSessionContractTests.UnknownOrInvalidSessionsRemainUnrecognized(json: &quot;{\&quot;kind\&quot;:\&quot;synthetic-session\&quot;,\&quot;version\&quot;:1,\&quot;ve&quot;···)" storage="c:\users\sn4ke\dev\activos\monitorizacion-pasiva-red\tests\monitoring.tests\bin\debug\net10.0\monitoring.tests.dll" id="bf710eb8-2f0f-4162-e8ad-f8aa809a2a69">
      <Execution id="949b55db-f72e-43c4-93e3-a257c19919ba" />
      <TestMethod codeBase="C:\Users\sn4ke\dev\activos\monitorizacion-pasiva-red\tests\Monitoring.Tests\bin\Debug\net10.0\Monitoring.Tests.dll" adapterTypeName="executor://xunit/VsTestRunner3/netcore/" className="Monitoring.Tests.SyntheticSessionContractTests" name="UnknownOrInvalidSessionsRemainUnrecognized" />
    </UnitTest>
    <UnitTest name="Monitoring.Tests.SyntheticSessionContractTests.UnknownOrInvalidSessionsRemainUnrecognized(json: &quot;{\&quot;kind\&quot;:\&quot;other\&quot;,\&quot;version\&quot;:1,\&quot;sourceIp\&quot;:\&quot;1&quot;···)" storage="c:\users\sn4ke\dev\activos\monitorizacion-pasiva-red\tests\monitoring.tests\bin\debug\net10.0\monitoring.tests.dll" id="9e76901f-d4ba-88d5-981f-f4016a8c2f71">
      <Execution id="de0f5a04-7f29-4b8d-a00d-749559aaf334" />
      <TestMethod codeBase="C:\Users\sn4ke\dev\activos\monitorizacion-pasiva-red\tests\Monitoring.Tests\bin\Debug\net10.0\Monitoring.Tests.dll" adapterTypeName="executor://xunit/VsTestRunner3/netcore/" className="Monitoring.Tests.SyntheticSessionContractTests" name="UnknownOrInvalidSessionsRemainUnrecognized" />
    </UnitTest>
    <UnitTest name="Monitoring.Tests.SyntheticSessionContractTests.UnknownOrInvalidSessionsRemainUnrecognized(json: &quot;[]&quot;)" storage="c:\users\sn4ke\dev\activos\monitorizacion-pasiva-red\tests\monitoring.tests\bin\debug\net10.0\monitoring.tests.dll" id="00b28603-c0eb-b2fb-4ed1-72a04c4b5ce1">
      <Execution id="42a77075-95af-48b3-bd3a-a183d521af19" />
      <TestMethod codeBase="C:\Users\sn4ke\dev\activos\monitorizacion-pasiva-red\tests\Monitoring.Tests\bin\Debug\net10.0\Monitoring.Tests.dll" adapterTypeName="executor://xunit/VsTestRunner3/netcore/" className="Monitoring.Tests.SyntheticSessionContractTests" name="UnknownOrInvalidSessionsRemainUnrecognized" />
    </UnitTest>
    <UnitTest name="Monitoring.Tests.SyntheticSessionContractTests.UnknownOrInvalidSessionsRemainUnrecognized(json: &quot;{\&quot;kind\&quot;:\&quot;synthetic-session\&quot;,\&quot;version\&quot;:1,\&quot;so&quot;···)" storage="c:\users\sn4ke\dev\activos\monitorizacion-pasiva-red\tests\monitoring.tests\bin\debug\net10.0\monitoring.tests.dll" id="c4ff5415-c7dd-79c3-691b-9f576b81c66a">
      <Execution id="c06281b8-a65e-4723-a92a-d179e0b7fd9c" />
      <TestMethod codeBase="C:\Users\sn4ke\dev\activos\monitorizacion-pasiva-red\tests\Monitoring.Tests\bin\Debug\net10.0\Monitoring.Tests.dll" adapterTypeName="executor://xunit/VsTestRunner3/netcore/" className="Monitoring.Tests.SyntheticSessionContractTests" name="UnknownOrInvalidSessionsRemainUnrecognized" />
    </UnitTest>
    <UnitTest name="Monitoring.Tests.SyntheticSessionContractTests.UnknownOrInvalidSessionsRemainUnrecognized(json: &quot;{\&quot;kind\&quot;:\&quot;synthetic-session\&quot;,\&quot;version\&quot;:1,\&quot;so&quot;···)" storage="c:\users\sn4ke\dev\activos\monitorizacion-pasiva-red\tests\monitoring.tests\bin\debug\net10.0\monitoring.tests.dll" id="fed87590-15d2-b7b8-18d9-f5522b9a68a3">
      <Execution id="5d2e017b-ad6b-4f37-874c-d929ddb596be" />
      <TestMethod codeBase="C:\Users\sn4ke\dev\activos\monitorizacion-pasiva-red\tests\Monitoring.Tests\bin\Debug\net10.0\Monitoring.Tests.dll" adapterTypeName="executor://xunit/VsTestRunner3/netcore/" className="Monitoring.Tests.SyntheticSessionContractTests" name="UnknownOrInvalidSessionsRemainUnrecognized" />
    </UnitTest>
    <UnitTest name="Monitoring.Tests.SyntheticSessionContractTests.UnknownOrInvalidSessionsRemainUnrecognized(json: &quot;{\&quot;kind\&quot;:\&quot;synthetic-session\&quot;,\&quot;version\&quot;:1,\&quot;so&quot;···)" storage="c:\users\sn4ke\dev\activos\monitorizacion-pasiva-red\tests\monitoring.tests\bin\debug\net10.0\monitoring.tests.dll" id="ca85581f-c8aa-b700-755a-3f41c97f71c2">
      <Execution id="e7cf2d12-8d97-4a84-b697-e0f8c3dba186" />
      <TestMethod codeBase="C:\Users\sn4ke\dev\activos\monitorizacion-pasiva-red\tests\Monitoring.Tests\bin\Debug\net10.0\Monitoring.Tests.dll" adapterTypeName="executor://xunit/VsTestRunner3/netcore/" className="Monitoring.Tests.SyntheticSessionContractTests" name="UnknownOrInvalidSessionsRemainUnrecognized" />
    </UnitTest>
    <UnitTest name="Monitoring.Tests.SyntheticSessionContractTests.UnknownOrInvalidSessionsRemainUnrecognized(json: &quot;{\&quot;kind\&quot;:\&quot;synthetic-session\&quot;,\&quot;version\&quot;:1,\&quot;so&quot;···)" storage="c:\users\sn4ke\dev\activos\monitorizacion-pasiva-red\tests\monitoring.tests\bin\debug\net10.0\monitoring.tests.dll" id="e856e926-8a52-12cb-0a43-68a347403e5a">
      <Execution id="36c6a4a1-56fe-4806-a96c-647f907d97e3" />
      <TestMethod codeBase="C:\Users\sn4ke\dev\activos\monitorizacion-pasiva-red\tests\Monitoring.Tests\bin\Debug\net10.0\Monitoring.Tests.dll" adapterTypeName="executor://xunit/VsTestRunner3/netcore/" className="Monitoring.Tests.SyntheticSessionContractTests" name="UnknownOrInvalidSessionsRemainUnrecognized" />
    </UnitTest>
    <UnitTest name="Monitoring.Tests.SyntheticSessionContractTests.ValidSessionsPreserveOriginalValues(protocol: &quot;UDP&quot;, fraction: &quot;.1&quot;, source: &quot;2001:db8::1&quot;, destination: &quot;192.0.2.2&quot;, sourcePort: 65535, destinationPort: 0)" storage="c:\users\sn4ke\dev\activos\monitorizacion-pasiva-red\tests\monitoring.tests\bin\debug\net10.0\monitoring.tests.dll" id="91830eea-3317-c16e-03ae-a892b551c1f4">
      <Execution id="cdb43b1b-6b92-4da4-942c-ff87c3e93edd" />
      <TestMethod codeBase="C:\Users\sn4ke\dev\activos\monitorizacion-pasiva-red\tests\Monitoring.Tests\bin\Debug\net10.0\Monitoring.Tests.dll" adapterTypeName="executor://xunit/VsTestRunner3/netcore/" className="Monitoring.Tests.SyntheticSessionContractTests" name="ValidSessionsPreserveOriginalValues" />
    </UnitTest>
    <UnitTest name="Monitoring.Tests.SyntheticSessionContractTests.UnknownOrInvalidSessionsRemainUnrecognized(json: &quot;{\&quot;kind\&quot;:\&quot;synthetic-session\&quot;,\&quot;version\&quot;:1,\&quot;so&quot;···)" storage="c:\users\sn4ke\dev\activos\monitorizacion-pasiva-red\tests\monitoring.tests\bin\debug\net10.0\monitoring.tests.dll" id="75268ca7-b66c-0129-7710-dbe4feea5f3e">
      <Execution id="6b61671c-daab-4eaf-995b-91c6151cd7d7" />
      <TestMethod codeBase="C:\Users\sn4ke\dev\activos\monitorizacion-pasiva-red\tests\Monitoring.Tests\bin\Debug\net10.0\Monitoring.Tests.dll" adapterTypeName="executor://xunit/VsTestRunner3/netcore/" className="Monitoring.Tests.SyntheticSessionContractTests" name="UnknownOrInvalidSessionsRemainUnrecognized" />
    </UnitTest>
    <UnitTest name="Monitoring.Tests.SyntheticSessionContractTests.UnknownOrInvalidSessionsRemainUnrecognized(json: &quot;{\&quot;kind\&quot;:\&quot;synthetic-session\&quot;,\&quot;version\&quot;:2,\&quot;so&quot;···)" storage="c:\users\sn4ke\dev\activos\monitorizacion-pasiva-red\tests\monitoring.tests\bin\debug\net10.0\monitoring.tests.dll" id="2c49c15f-7730-e948-1461-7faa002d2549">
      <Execution id="6f932342-cd3b-4a40-b24c-e001cf305ae4" />
      <TestMethod codeBase="C:\Users\sn4ke\dev\activos\monitorizacion-pasiva-red\tests\Monitoring.Tests\bin\Debug\net10.0\Monitoring.Tests.dll" adapterTypeName="executor://xunit/VsTestRunner3/netcore/" className="Monitoring.Tests.SyntheticSessionContractTests" name="UnknownOrInvalidSessionsRemainUnrecognized" />
    </UnitTest>
    <UnitTest name="Monitoring.Tests.SyntheticSessionContractTests.UnknownOrInvalidSessionsRemainUnrecognized(json: &quot;{\&quot;kind\&quot;:\&quot;synthetic-session\&quot;,\&quot;version\&quot;:1,\&quot;so&quot;···)" storage="c:\users\sn4ke\dev\activos\monitorizacion-pasiva-red\tests\monitoring.tests\bin\debug\net10.0\monitoring.tests.dll" id="e8d2f18c-0ee6-9245-9245-2b91ed368d9d">
      <Execution id="d28a9715-2c22-457b-b29b-9044b22b2dc0" />
      <TestMethod codeBase="C:\Users\sn4ke\dev\activos\monitorizacion-pasiva-red\tests\Monitoring.Tests\bin\Debug\net10.0\Monitoring.Tests.dll" adapterTypeName="executor://xunit/VsTestRunner3/netcore/" className="Monitoring.Tests.SyntheticSessionContractTests" name="UnknownOrInvalidSessionsRemainUnrecognized" />
    </UnitTest>
    <UnitTest name="Monitoring.Tests.SyntheticSessionContractTests.UnknownOrInvalidSessionsRemainUnrecognized(json: &quot;{\&quot;kind\&quot;:\&quot;synthetic-session\&quot;,\&quot;version\&quot;:1,\&quot;so&quot;···)" storage="c:\users\sn4ke\dev\activos\monitorizacion-pasiva-red\tests\monitoring.tests\bin\debug\net10.0\monitoring.tests.dll" id="d6c2ff88-f125-c46f-f7f9-ccd6ea46f5a5">
      <Execution id="e48c70e5-1acd-418b-907d-09c158fb9750" />
      <TestMethod codeBase="C:\Users\sn4ke\dev\activos\monitorizacion-pasiva-red\tests\Monitoring.Tests\bin\Debug\net10.0\Monitoring.Tests.dll" adapterTypeName="executor://xunit/VsTestRunner3/netcore/" className="Monitoring.Tests.SyntheticSessionContractTests" name="UnknownOrInvalidSessionsRemainUnrecognized" />
    </UnitTest>
    <UnitTest name="Monitoring.Tests.SyntheticSessionContractTests.UnknownOrInvalidSessionsRemainUnrecognized(json: &quot;{\&quot;kind\&quot;:1,\&quot;version\&quot;:1,\&quot;sourceIp\&quot;:\&quot;192.0.2.1&quot;···)" storage="c:\users\sn4ke\dev\activos\monitorizacion-pasiva-red\tests\monitoring.tests\bin\debug\net10.0\monitoring.tests.dll" id="5ecf34ae-f98c-47af-5136-2bc9341bc95f">
      <Execution id="f795edd8-233f-4fab-b5b3-dad25069d7ff" />
      <TestMethod codeBase="C:\Users\sn4ke\dev\activos\monitorizacion-pasiva-red\tests\Monitoring.Tests\bin\Debug\net10.0\Monitoring.Tests.dll" adapterTypeName="executor://xunit/VsTestRunner3/netcore/" className="Monitoring.Tests.SyntheticSessionContractTests" name="UnknownOrInvalidSessionsRemainUnrecognized" />
    </UnitTest>
    <UnitTest name="Monitoring.Tests.SessionProjectionTests.ConcurrentWorkersAndSkippedLockedEventRecoverOnNextPass" storage="c:\users\sn4ke\dev\activos\monitorizacion-pasiva-red\tests\monitoring.tests\bin\debug\net10.0\monitoring.tests.dll" id="c37fd6ae-0973-cb93-8edb-be47b23abc87">
      <Execution id="7cf7eb5d-c399-4da7-ac22-091e6aff7cf4" />
      <TestMethod codeBase="C:\Users\sn4ke\dev\activos\monitorizacion-pasiva-red\tests\Monitoring.Tests\bin\Debug\net10.0\Monitoring.Tests.dll" adapterTypeName="executor://xunit/VsTestRunner3/netcore/" className="Monitoring.Tests.SessionProjectionTests" name="ConcurrentWorkersAndSkippedLockedEventRecoverOnNextPass" />
    </UnitTest>
    <UnitTest name="Monitoring.Tests.SyntheticSessionContractTests.UnknownOrInvalidSessionsRemainUnrecognized(json: &quot;{\&quot;kind\&quot;:\&quot;synthetic-session\&quot;,\&quot;version\&quot;:1,\&quot;so&quot;···)" storage="c:\users\sn4ke\dev\activos\monitorizacion-pasiva-red\tests\monitoring.tests\bin\debug\net10.0\monitoring.tests.dll" id="aabc666d-6ff7-4bfd-7dfd-87d5b9bad976">
      <Execution id="0ec1f48d-f8b8-4de2-90c3-80308cec372b" />
      <TestMethod codeBase="C:\Users\sn4ke\dev\activos\monitorizacion-pasiva-red\tests\Monitoring.Tests\bin\Debug\net10.0\Monitoring.Tests.dll" adapterTypeName="executor://xunit/VsTestRunner3/netcore/" className="Monitoring.Tests.SyntheticSessionContractTests" name="UnknownOrInvalidSessionsRemainUnrecognized" />
    </UnitTest>
    <UnitTest name="Monitoring.Tests.MigrationTests.MigrateCreatesInboxSchemaAndCanBeRepeated" storage="c:\users\sn4ke\dev\activos\monitorizacion-pasiva-red\tests\monitoring.tests\bin\debug\net10.0\monitoring.tests.dll" id="e47298e9-a87d-c890-5aa5-cc49d6c958a2">
      <Execution id="498fca6f-1d35-4889-b5a9-4bde50a14bcb" />
      <TestMethod codeBase="C:\Users\sn4ke\dev\activos\monitorizacion-pasiva-red\tests\Monitoring.Tests\bin\Debug\net10.0\Monitoring.Tests.dll" adapterTypeName="executor://xunit/VsTestRunner3/netcore/" className="Monitoring.Tests.MigrationTests" name="MigrateCreatesInboxSchemaAndCanBeRepeated" />
    </UnitTest>
    <UnitTest name="Monitoring.Tests.SessionProjectionTests.InitialProjectionAndEqualReplayPreserveOneSessionPerOrigin" storage="c:\users\sn4ke\dev\activos\monitorizacion-pasiva-red\tests\monitoring.tests\bin\debug\net10.0\monitoring.tests.dll" id="6280c412-ef23-0f88-df69-e4c19613e54d">
      <Execution id="1ef3b3ac-01de-4769-834e-242679f974be" />
      <TestMethod codeBase="C:\Users\sn4ke\dev\activos\monitorizacion-pasiva-red\tests\Monitoring.Tests\bin\Debug\net10.0\Monitoring.Tests.dll" adapterTypeName="executor://xunit/VsTestRunner3/netcore/" className="Monitoring.Tests.SessionProjectionTests" name="InitialProjectionAndEqualReplayPreserveOneSessionPerOrigin" />
    </UnitTest>
    <UnitTest name="Monitoring.Tests.SyntheticSessionContractTests.UnknownOrInvalidSessionsRemainUnrecognized(json: &quot;{\&quot;kind\&quot;:\&quot;synthetic-session\&quot;,\&quot;version\&quot;:1,\&quot;so&quot;···)" storage="c:\users\sn4ke\dev\activos\monitorizacion-pasiva-red\tests\monitoring.tests\bin\debug\net10.0\monitoring.tests.dll" id="5f78c32d-bd4b-2792-cd76-edd6728bc889">
      <Execution id="beaa47f2-aac7-481c-8408-8450ca8f0e90" />
      <TestMethod codeBase="C:\Users\sn4ke\dev\activos\monitorizacion-pasiva-red\tests\Monitoring.Tests\bin\Debug\net10.0\Monitoring.Tests.dll" adapterTypeName="executor://xunit/VsTestRunner3/netcore/" className="Monitoring.Tests.SyntheticSessionContractTests" name="UnknownOrInvalidSessionsRemainUnrecognized" />
    </UnitTest>
    <UnitTest name="Monitoring.Tests.SyntheticSessionContractTests.UnknownOrInvalidSessionsRemainUnrecognized(json: &quot;{\&quot;kind\&quot;:\&quot;synthetic-session\&quot;,\&quot;version\&quot;:1,\&quot;so&quot;···)" storage="c:\users\sn4ke\dev\activos\monitorizacion-pasiva-red\tests\monitoring.tests\bin\debug\net10.0\monitoring.tests.dll" id="d7efe13b-56c0-074b-f5d6-d1dc2b65cff1">
      <Execution id="dbf019d7-d0af-4416-98ac-1d2ddca45681" />
      <TestMethod codeBase="C:\Users\sn4ke\dev\activos\monitorizacion-pasiva-red\tests\Monitoring.Tests\bin\Debug\net10.0\Monitoring.Tests.dll" adapterTypeName="executor://xunit/VsTestRunner3/netcore/" className="Monitoring.Tests.SyntheticSessionContractTests" name="UnknownOrInvalidSessionsRemainUnrecognized" />
    </UnitTest>
    <UnitTest name="Monitoring.Tests.SyntheticSessionContractTests.UnknownOrInvalidSessionsRemainUnrecognized(json: &quot;{\&quot;kind\&quot;:\&quot;synthetic-session\&quot;,\&quot;version\&quot;:1,\&quot;so&quot;···)" storage="c:\users\sn4ke\dev\activos\monitorizacion-pasiva-red\tests\monitoring.tests\bin\debug\net10.0\monitoring.tests.dll" id="bf949351-1f1d-abc9-377d-66029c78e8fb">
      <Execution id="8429bbd3-518d-432b-93a7-0234b8645986" />
      <TestMethod codeBase="C:\Users\sn4ke\dev\activos\monitorizacion-pasiva-red\tests\Monitoring.Tests\bin\Debug\net10.0\Monitoring.Tests.dll" adapterTypeName="executor://xunit/VsTestRunner3/netcore/" className="Monitoring.Tests.SyntheticSessionContractTests" name="UnknownOrInvalidSessionsRemainUnrecognized" />
    </UnitTest>
    <UnitTest name="Monitoring.Tests.SyntheticSessionContractTests.ValidSessionsPreserveOriginalValues(protocol: &quot;UDP&quot;, fraction: &quot;.123&quot;, source: &quot;2001:db8::1&quot;, destination: &quot;2001:db8::2&quot;, sourcePort: 53, destinationPort: 53)" storage="c:\users\sn4ke\dev\activos\monitorizacion-pasiva-red\tests\monitoring.tests\bin\debug\net10.0\monitoring.tests.dll" id="9f8b53ba-1adf-55a6-dd23-85755b228693">
      <Execution id="1c156b1f-d509-497a-b87f-27137a0e98ce" />
      <TestMethod codeBase="C:\Users\sn4ke\dev\activos\monitorizacion-pasiva-red\tests\Monitoring.Tests\bin\Debug\net10.0\Monitoring.Tests.dll" adapterTypeName="executor://xunit/VsTestRunner3/netcore/" className="Monitoring.Tests.SyntheticSessionContractTests" name="ValidSessionsPreserveOriginalValues" />
    </UnitTest>
  </TestDefinitions>
  <TestEntries>
    <TestEntry testId="75268ca7-b66c-0129-7710-dbe4feea5f3e" executionId="6b61671c-daab-4eaf-995b-91c6151cd7d7" testListId="8c84fa94-04c1-424b-9868-57a2d4851a1d" />
    <TestEntry testId="d6c2ff88-f125-c46f-f7f9-ccd6ea46f5a5" executionId="e48c70e5-1acd-418b-907d-09c158fb9750" testListId="8c84fa94-04c1-424b-9868-57a2d4851a1d" />
    <TestEntry testId="f76edf8d-0b7a-073f-2721-44ab2d84cc04" executionId="f995483d-96da-4f16-88a2-ec2666ca4da4" testListId="8c84fa94-04c1-424b-9868-57a2d4851a1d" />
    <TestEntry testId="ca85581f-c8aa-b700-755a-3f41c97f71c2" executionId="e7cf2d12-8d97-4a84-b697-e0f8c3dba186" testListId="8c84fa94-04c1-424b-9868-57a2d4851a1d" />
    <TestEntry testId="9e76901f-d4ba-88d5-981f-f4016a8c2f71" executionId="de0f5a04-7f29-4b8d-a00d-749559aaf334" testListId="8c84fa94-04c1-424b-9868-57a2d4851a1d" />
    <TestEntry testId="37883029-ccf0-9ddc-ef46-ab0351db3493" executionId="eff4e673-ea21-40be-a299-c500e1c73852" testListId="8c84fa94-04c1-424b-9868-57a2d4851a1d" />
    <TestEntry testId="e856e926-8a52-12cb-0a43-68a347403e5a" executionId="36c6a4a1-56fe-4806-a96c-647f907d97e3" testListId="8c84fa94-04c1-424b-9868-57a2d4851a1d" />
    <TestEntry testId="346a191f-b2dd-f923-e320-feb8287b8e71" executionId="b2cc3343-a5e5-4a78-b792-2cae1013644d" testListId="8c84fa94-04c1-424b-9868-57a2d4851a1d" />
    <TestEntry testId="00b28603-c0eb-b2fb-4ed1-72a04c4b5ce1" executionId="42a77075-95af-48b3-bd3a-a183d521af19" testListId="8c84fa94-04c1-424b-9868-57a2d4851a1d" />
    <TestEntry testId="76e86934-75a7-9901-4df2-6d56ef595ea0" executionId="31b3e16e-c851-404e-8ed0-9665cd53f7cc" testListId="8c84fa94-04c1-424b-9868-57a2d4851a1d" />
    <TestEntry testId="d7efe13b-56c0-074b-f5d6-d1dc2b65cff1" executionId="dbf019d7-d0af-4416-98ac-1d2ddca45681" testListId="8c84fa94-04c1-424b-9868-57a2d4851a1d" />
    <TestEntry testId="0722c564-d44e-bdd6-4712-ebf0b3fe97ad" executionId="840d2a67-1aa1-4a80-8619-3565e3349b8d" testListId="8c84fa94-04c1-424b-9868-57a2d4851a1d" />
    <TestEntry testId="bf710eb8-2f0f-4162-e8ad-f8aa809a2a69" executionId="949b55db-f72e-43c4-93e3-a257c19919ba" testListId="8c84fa94-04c1-424b-9868-57a2d4851a1d" />
    <TestEntry testId="d35ed068-1256-1844-751a-d1e7962ac77a" executionId="3b2ffbdc-604c-45c6-b1a0-e0eec0d0466b" testListId="8c84fa94-04c1-424b-9868-57a2d4851a1d" />
    <TestEntry testId="fc39ad97-b042-19e7-9537-2e7ead49db8b" executionId="94c6f51b-1c7f-4c21-bdae-18af0b028190" testListId="8c84fa94-04c1-424b-9868-57a2d4851a1d" />
    <TestEntry testId="7081b75f-f9e4-5805-ac54-a6d2d8f4887a" executionId="87ffd086-786c-4056-b663-b4add6a45133" testListId="8c84fa94-04c1-424b-9868-57a2d4851a1d" />
    <TestEntry testId="c812a9dc-33b7-eda7-2783-0626954fcf9a" executionId="7eefd56e-4c8d-421d-813e-f9fef34f5687" testListId="8c84fa94-04c1-424b-9868-57a2d4851a1d" />
    <TestEntry testId="580efedb-550f-6bd7-b7bf-d363294b2c2e" executionId="119e51d1-337b-42d3-9263-f0c98b4e9eb2" testListId="8c84fa94-04c1-424b-9868-57a2d4851a1d" />
    <TestEntry testId="fed87590-15d2-b7b8-18d9-f5522b9a68a3" executionId="5d2e017b-ad6b-4f37-874c-d929ddb596be" testListId="8c84fa94-04c1-424b-9868-57a2d4851a1d" />
    <TestEntry testId="5f78c32d-bd4b-2792-cd76-edd6728bc889" executionId="beaa47f2-aac7-481c-8408-8450ca8f0e90" testListId="8c84fa94-04c1-424b-9868-57a2d4851a1d" />
    <TestEntry testId="6280c412-ef23-0f88-df69-e4c19613e54d" executionId="1ef3b3ac-01de-4769-834e-242679f974be" testListId="8c84fa94-04c1-424b-9868-57a2d4851a1d" />
    <TestEntry testId="e47298e9-a87d-c890-5aa5-cc49d6c958a2" executionId="498fca6f-1d35-4889-b5a9-4bde50a14bcb" testListId="8c84fa94-04c1-424b-9868-57a2d4851a1d" />
    <TestEntry testId="2c49c15f-7730-e948-1461-7faa002d2549" executionId="6f932342-cd3b-4a40-b24c-e001cf305ae4" testListId="8c84fa94-04c1-424b-9868-57a2d4851a1d" />
    <TestEntry testId="60a2524e-9d97-2f0f-e3f8-4a2de55b8b20" executionId="76f854e3-c273-47fc-a373-10878c3e883e" testListId="8c84fa94-04c1-424b-9868-57a2d4851a1d" />
    <TestEntry testId="fe09665a-e9ad-2f46-b60f-c1e29d1ca4c0" executionId="c7f77ae0-43bc-45f2-a66b-f14b3434f977" testListId="8c84fa94-04c1-424b-9868-57a2d4851a1d" />
    <TestEntry testId="5ecf34ae-f98c-47af-5136-2bc9341bc95f" executionId="f795edd8-233f-4fab-b5b3-dad25069d7ff" testListId="8c84fa94-04c1-424b-9868-57a2d4851a1d" />
    <TestEntry testId="69595161-038c-e3a5-685c-00192b879846" executionId="b2f2b12e-e58b-49a6-825c-a20581ab6a78" testListId="8c84fa94-04c1-424b-9868-57a2d4851a1d" />
    <TestEntry testId="e8d2f18c-0ee6-9245-9245-2b91ed368d9d" executionId="d28a9715-2c22-457b-b29b-9044b22b2dc0" testListId="8c84fa94-04c1-424b-9868-57a2d4851a1d" />
    <TestEntry testId="9629fce5-e341-4be3-0c09-c8d1733c8630" executionId="4f67b0b4-607b-487b-b0b5-f2d9f73879e4" testListId="8c84fa94-04c1-424b-9868-57a2d4851a1d" />
    <TestEntry testId="a2053357-35a1-fd65-87c5-797275821afa" executionId="dda898b9-658c-4fdb-af50-2696e9600bbf" testListId="8c84fa94-04c1-424b-9868-57a2d4851a1d" />
    <TestEntry testId="881caa0d-5b3f-05c8-a47a-3e9176970017" executionId="b522e2de-3608-49d0-a453-e0bab3d83e12" testListId="8c84fa94-04c1-424b-9868-57a2d4851a1d" />
    <TestEntry testId="8864d888-d480-f6fb-f5c5-d01d8d71afaf" executionId="967e7c09-b612-4ed8-81c6-e08e7e9357b2" testListId="8c84fa94-04c1-424b-9868-57a2d4851a1d" />
    <TestEntry testId="7e891174-cf33-115a-8fd2-d7c2f625d00b" executionId="ab96d88a-f9c8-4f3f-ba12-a4e5ff74b793" testListId="8c84fa94-04c1-424b-9868-57a2d4851a1d" />
    <TestEntry testId="c748854a-8b6b-4522-a2ae-6305fc3740eb" executionId="e12684f4-d239-4504-9338-b77bec1b1a3c" testListId="8c84fa94-04c1-424b-9868-57a2d4851a1d" />
    <TestEntry testId="aabc666d-6ff7-4bfd-7dfd-87d5b9bad976" executionId="0ec1f48d-f8b8-4de2-90c3-80308cec372b" testListId="8c84fa94-04c1-424b-9868-57a2d4851a1d" />
    <TestEntry testId="c34d0de7-f910-1472-4443-213e3717765b" executionId="c7207b26-ab73-4e13-8e32-2748455e14b1" testListId="8c84fa94-04c1-424b-9868-57a2d4851a1d" />
    <TestEntry testId="974d66ed-987a-88e5-bc91-458ef306f454" executionId="8969e3d1-d82e-4e85-bc6b-ccec18328cbb" testListId="8c84fa94-04c1-424b-9868-57a2d4851a1d" />
    <TestEntry testId="c4ff5415-c7dd-79c3-691b-9f576b81c66a" executionId="c06281b8-a65e-4723-a92a-d179e0b7fd9c" testListId="8c84fa94-04c1-424b-9868-57a2d4851a1d" />
    <TestEntry testId="bf949351-1f1d-abc9-377d-66029c78e8fb" executionId="8429bbd3-518d-432b-93a7-0234b8645986" testListId="8c84fa94-04c1-424b-9868-57a2d4851a1d" />
    <TestEntry testId="c37fd6ae-0973-cb93-8edb-be47b23abc87" executionId="7cf7eb5d-c399-4da7-ac22-091e6aff7cf4" testListId="8c84fa94-04c1-424b-9868-57a2d4851a1d" />
    <TestEntry testId="d07fd2ba-66de-c7c6-73ae-1f2cf27d03f3" executionId="f538f5e3-dfd0-41eb-a5de-68bf7cad1ae2" testListId="8c84fa94-04c1-424b-9868-57a2d4851a1d" />
    <TestEntry testId="9f8b53ba-1adf-55a6-dd23-85755b228693" executionId="1c156b1f-d509-497a-b87f-27137a0e98ce" testListId="8c84fa94-04c1-424b-9868-57a2d4851a1d" />
    <TestEntry testId="9db18b00-a6e6-36df-b6e7-9f1fba27c929" executionId="2f65bf4e-656a-445f-a1be-e34748c05ebf" testListId="8c84fa94-04c1-424b-9868-57a2d4851a1d" />
    <TestEntry testId="91830eea-3317-c16e-03ae-a892b551c1f4" executionId="cdb43b1b-6b92-4da4-942c-ff87c3e93edd" testListId="8c84fa94-04c1-424b-9868-57a2d4851a1d" />
    <TestEntry testId="c3c1ad7a-3d6f-2368-0cc8-361035e0b5e1" executionId="a3aa5001-10fa-4e8c-b72d-c1396c3e8795" testListId="8c84fa94-04c1-424b-9868-57a2d4851a1d" />
  </TestEntries>
  <TestLists>
    <TestList name="Resultados sin formato de lista" id="8c84fa94-04c1-424b-9868-57a2d4851a1d" />
    <TestList name="Todos los resultados cargados" id="19431567-8539-422a-85d7-44ee4e166bda" />
  </TestLists>
  <ResultSummary outcome="Completed">
    <Counters total="45" executed="45" passed="45" failed="0" error="0" timeout="0" aborted="0" inconclusive="0" passedButRunAborted="0" notRunnable="0" notExecuted="0" disconnected="0" warning="0" completed="0" inProgress="0" pending="0" />
    <Output>
      <StdOut>[xUnit.net 00:00:00.00] xUnit.net VSTest Adapter v3.1.4+50e68bbb8b (64-bit .NET 10.0.12)&#xD;
[xUnit.net 00:00:00.07]   Discovering: Monitoring.Tests&#xD;
[xUnit.net 00:00:00.11]   Discovered:  Monitoring.Tests&#xD;
[xUnit.net 00:00:00.14]   Starting:    Monitoring.Tests&#xD;
[testcontainers.org 00:00:00.12] Connected to Docker:&#xD;
  Host: tcp://127.0.0.1:2375/&#xD;
  Server Version: 29.8.2&#xD;
  Kernel Version: 5.15.167.4-microsoft-standard-WSL2&#xD;
  API Version: 1.56&#xD;
  Operating System: Ubuntu 24.04.4 LTS&#xD;
  Total Memory: 3.83 GB&#xD;
[testcontainers.org 00:00:00.29] Docker container e9a342678316 created&#xD;
[testcontainers.org 00:00:00.32] Start Docker container e9a342678316&#xD;
[testcontainers.org 00:00:00.73] Wait for Docker container e9a342678316 to complete readiness checks&#xD;
[testcontainers.org 00:00:01.76] Docker container e9a342678316 ready&#xD;
[testcontainers.org 00:00:01.87] Docker container 29d00446b205 created&#xD;
[testcontainers.org 00:00:01.87] Docker container a8d79df8edfa created&#xD;
[testcontainers.org 00:00:01.87] Docker container d23a31d989a8 created&#xD;
[testcontainers.org 00:00:01.87] Start Docker container 29d00446b205&#xD;
[testcontainers.org 00:00:01.88] Start Docker container a8d79df8edfa&#xD;
[testcontainers.org 00:00:01.88] Start Docker container d23a31d989a8&#xD;
[testcontainers.org 00:00:02.37] Wait for Docker container 29d00446b205 to complete readiness checks&#xD;
[testcontainers.org 00:00:02.37] Execute "pg_isready --host localhost --dbname monitoring --username monitoring" at Docker container 29d00446b205&#xD;
[testcontainers.org 00:00:02.55] Wait for Docker container d23a31d989a8 to complete readiness checks&#xD;
[testcontainers.org 00:00:02.55] Execute "pg_isready --host localhost --dbname monitoring --username monitoring" at Docker container d23a31d989a8&#xD;
[testcontainers.org 00:00:02.74] Wait for Docker container a8d79df8edfa to complete readiness checks&#xD;
[testcontainers.org 00:00:02.75] Execute "pg_isready --host localhost --dbname monitoring --username monitoring" at Docker container a8d79df8edfa&#xD;
[testcontainers.org 00:00:03.42] Execute "pg_isready --host localhost --dbname monitoring --username monitoring" at Docker container 29d00446b205&#xD;
[testcontainers.org 00:00:03.59] Execute "pg_isready --host localhost --dbname monitoring --username monitoring" at Docker container d23a31d989a8&#xD;
[testcontainers.org 00:00:03.81] Execute "pg_isready --host localhost --dbname monitoring --username monitoring" at Docker container a8d79df8edfa&#xD;
[testcontainers.org 00:00:04.47] Execute "pg_isready --host localhost --dbname monitoring --username monitoring" at Docker container 29d00446b205&#xD;
[testcontainers.org 00:00:04.51] Docker container 29d00446b205 ready&#xD;
[testcontainers.org 00:00:04.64] Execute "pg_isready --host localhost --dbname monitoring --username monitoring" at Docker container d23a31d989a8&#xD;
[testcontainers.org 00:00:04.68] Docker container d23a31d989a8 ready&#xD;
[testcontainers.org 00:00:04.86] Execute "pg_isready --host localhost --dbname monitoring --username monitoring" at Docker container a8d79df8edfa&#xD;
[testcontainers.org 00:00:04.90] Docker container a8d79df8edfa ready&#xD;
[testcontainers.org 00:00:05.35] Delete Docker container d23a31d989a8&#xD;
[testcontainers.org 00:00:06.24] Delete Docker container 29d00446b205&#xD;
[testcontainers.org 00:00:10.33] Delete Docker container a8d79df8edfa&#xD;
[xUnit.net 00:00:11.23]   Finished:    Monitoring.Tests&#xD;
</StdOut>
    </Output>
  </ResultSummary>
</TestRun>