 Image monitoring/connect:foundation-20261005 Building 
#1 [internal] load local bake definitions
#1 reading from stdin 781B done
#1 DONE 0.0s

#2 [internal] load build definition from Dockerfile
#2 transferring dockerfile: 1.07kB 0.0s done
#2 WARN: InvalidDefaultArgInFrom: Default value for ARG ${KAFKA_IMAGE} results in empty or invalid base image name (line 2)
#2 DONE 0.0s

#3 [internal] load metadata for docker.io/apache/kafka:4.3.1@sha256:77e3df9054047a88b520d0cc46e16696d3b22022e1d580aeccd2632df6532837
#3 DONE 0.0s

#4 [internal] load .dockerignore
#4 transferring context: 2B done
#4 DONE 0.0s

#5 [1/6] FROM docker.io/apache/kafka:4.3.1@sha256:77e3df9054047a88b520d0cc46e16696d3b22022e1d580aeccd2632df6532837
#5 resolve docker.io/apache/kafka:4.3.1@sha256:77e3df9054047a88b520d0cc46e16696d3b22022e1d580aeccd2632df6532837 0.0s done
#5 DONE 0.0s

#6 [internal] load build context
#6 transferring context: 4.54kB 0.0s done
#6 DONE 0.1s

#7 [2/6] COPY vendor/debezium-connector-postgres-3.6.3.Final-plugin.tar.gz /tmp/debezium.tar.gz
#7 CACHED

#8 [3/6] COPY vendor/confluentinc-kafka-connect-elasticsearch-16.0.0.zip /tmp/elasticsearch.zip
#8 CACHED

#9 [4/6] RUN echo "68dfbd3aa0e22cbc164017311449f69dfe6b96b70e72c72c7a3a24ef5c7810e0  /tmp/debezium.tar.gz" | sha256sum -c -  && echo "3e658470966e1b419c349850a9db9da124fd8764e4d93710bb49b202ab51ba1e  /tmp/elasticsearch.zip" | sha256sum -c -  && mkdir -p /opt/monitoring/plugins/debezium /opt/monitoring/plugins/elasticsearch  && tar -xzf /tmp/debezium.tar.gz --strip-components=1 -C /opt/monitoring/plugins/debezium  && unzip -q /tmp/elasticsearch.zip -d /opt/monitoring/plugins/elasticsearch  && rm /tmp/debezium.tar.gz /tmp/elasticsearch.zip
#9 CACHED

#10 [5/6] COPY connect.properties health.sh entrypoint.sh /opt/monitoring/
#10 CACHED

#11 [6/6] COPY transforms/build/session-contract.jar /opt/monitoring/plugins/elasticsearch/confluentinc-kafka-connect-elasticsearch-16.0.0/lib/
#11 DONE 0.0s

#12 exporting to image
#12 exporting layers 0.1s done
#12 exporting manifest sha256:5e923e2aed05ed727cdaa886b29073101699b7b225c660f6a1baad3d52e2487b 0.0s done
#12 exporting config sha256:e1b3497971ab629ab902be4af6d9f38a70e7684bca5f1874b05542c760b70dc4 done
#12 exporting attestation manifest sha256:c79dc97951c2818c556ccfc6810abf5ed3955b79f8c05865797bbc78fd02c522 0.0s done
#12 exporting manifest list sha256:72f8bec6bc0183081d056ce21aec2ab88c767ce6cd3775f21748f42053f8f7d4 0.0s done
#12 naming to docker.io/monitoring/connect:foundation-20261005 done
#12 unpacking to docker.io/monitoring/connect:foundation-20261005 0.0s done
#12 DONE 0.2s

#13 resolving provenance for metadata file
#13 DONE 0.0s
 Image monitoring/connect:foundation-20261005 Built 
 Container monitoring-foundation-test-kafka-1 Running 
 Container monitoring-foundation-test-connect-1 Recreate 
 Container monitoring-foundation-test-connect-1 Recreated 
 Container monitoring-foundation-test-kafka-1 Waiting 
 Container monitoring-foundation-test-kafka-1 Healthy 
 Container monitoring-foundation-test-connect-1 Starting 
 Container monitoring-foundation-test-connect-1 Started 
 Container monitoring-foundation-test-connect-1 Waiting 
 Container monitoring-foundation-test-kafka-1 Waiting 
 Container monitoring-foundation-test-kafka-1 Healthy 
 Container monitoring-foundation-test-connect-1 Healthy 
