> Building...
√ Building...
Application bundle generation complete. [0.856 seconds] - 2026-10-05T14:31:31.130Z


 RUN  v5.0.3 C:/Users/sn4ke/dev/activos/monitorizacion-pasiva-red/src/monitoring-web

 ❯ |monitoring-web| src/app/sessions/session-query.spec.ts (20 tests | 19 failed) 13ms
   ❯ Session query boundaries (20)
     × defaults to precisely the recent 24 UTC hours and page 50 without optional filters 5ms
     × rejects { from: '' } before HTTP 1ms
     × rejects { from: '2026-10-04T12:00:00+00:00' } before HTTP 0ms
     × rejects { from: '2026-10-04T12:00:00.1234Z' } before HTTP 0ms
     × rejects { from: '2026-02-30T12:00:00Z' } before HTTP 0ms
     × rejects { from: '2026-10-05T12:00:00.123Z' } before HTTP 0ms
     × rejects { to: '2026-10-05T12:00:01Z' } before HTTP 0ms
     × rejects { from: '2026-09-04T12:00:00Z' } before HTTP 0ms
     × rejects { from: '2026-10-03T12:00:00Z' } before HTTP 0ms
     × rejects { from: '2026-10-03T12:00:00Z', …(2) } before HTTP 0ms
     × rejects { pageSize: 101 } before HTTP 0ms
     × rejects { pageSize: 0 } before HTTP 0ms
     × rejects { pageSize: 1.5 } before HTTP 0ms
     × rejects { sourceIp: '999.0.0.1' } before HTTP 0ms
     × rejects { destinationIp: '2001:db8::xyz' } before HTTP 0ms
     × rejects { protocol: 'ICMP' } before HTTP 0ms
     × rejects { sourcePort: '-1' } before HTTP 0ms
     × rejects { destinationPort: '65536' } before HTTP 0ms
     × rejects { sourcePort: '1.5' } before HTTP 0ms
 ❯ |monitoring-web| src/app/sessions/session-search-api.spec.ts (1 test | 1 failed) 19ms
   ❯ SessionSearchApi (1)
     × sends exact AND filters with UTC, bounded page, opaque cursor and no trust headers 18ms
 ❯ |monitoring-web| src/app/sessions/session-search-page.component.spec.ts (13 tests | 13 failed) 79ms
   ❯ SessionSearchPage (13)
     × queries recent 24h at page 50 without optional filters and announces loading/empty/current 39ms
     × shows scoped rows, lag and complete identity on a keyboard reachable detail link 6ms
     × keeps query bounds on next page and removes cursor/results when an exact filter changes 5ms
     × cancels a pending old search when filters change and cannot display its stale response 4ms
     × shows visible validation for >24h without site/sensor/IP and page 101 without HTTP 4ms
     × distinguishes HTTP 400 from no matches and clears previous data 3ms
     × distinguishes HTTP 401 from no matches and clears previous data 3ms
     × distinguishes HTTP 403 from no matches and clears previous data 3ms
     × distinguishes HTTP 429 from no matches and clears previous data 3ms
     × distinguishes HTTP 503 from no matches and clears previous data 3ms
     × distinguishes HTTP 504 from no matches and clears previous data 2ms
     × announces expired snapshot and restarts from page one, using a native action 3ms
     × reports network failure, unknown lag and captured inference/partiality without fake values 2ms

⎯⎯⎯⎯⎯⎯ Failed Tests 33 ⎯⎯⎯⎯⎯⎯⎯

 FAIL  |monitoring-web| src/app/sessions/session-query.spec.ts > Session query boundaries > defaults to precisely the recent 24 UTC hours and page 50 without optional filters
AssertionError: expected {} to deeply equal { …(10) }

- Expected
+ Received

- {
-   "destinationIp": "",
-   "destinationPort": "",
-   "from": "2026-10-04T12:00:00.123Z",
-   "pageSize": 50,
-   "protocol": "",
-   "sensorId": "",
-   "siteId": "",
-   "sourceIp": "",
-   "sourcePort": "",
-   "to": "2026-10-05T12:00:00.123Z",
- }
+ {}

 ❯ src/app/sessions/session-query.spec.ts:12:39
     10| describe('Session query boundaries', () => {
     11|   it('defaults to precisely the recent 24 UTC hours and page 50 withou…
     12|     expect(recentSessionFilters(now)).toEqual(short);
       |                                       ^
     13|     expect(sessionFilterError(short, now)).toBe('');
     14|   });

⎯⎯⎯⎯⎯⎯⎯⎯⎯⎯⎯⎯⎯⎯⎯⎯⎯⎯⎯⎯⎯⎯⎯[1/33]⎯

 FAIL  |monitoring-web| src/app/sessions/session-query.spec.ts > Session query boundaries > rejects { from: '' } before HTTP
 FAIL  |monitoring-web| src/app/sessions/session-query.spec.ts > Session query boundaries > rejects { from: '2026-10-04T12:00:00+00:00' } before HTTP
 FAIL  |monitoring-web| src/app/sessions/session-query.spec.ts > Session query boundaries > rejects { from: '2026-10-04T12:00:00.1234Z' } before HTTP
 FAIL  |monitoring-web| src/app/sessions/session-query.spec.ts > Session query boundaries > rejects { from: '2026-02-30T12:00:00Z' } before HTTP
AssertionError: expected '' to contain 'UTC'

- Expected
+ Received

- UTC

 ❯ src/app/sessions/session-query.spec.ts:36:61
     34|     { patch: { sourcePort: '1.5' }, message: '0–65535' },
     35|   ])('rejects $patch before HTTP', ({ patch, message }) => {
     36|     expect(sessionFilterError({ ...short, ...patch }, now)).toContain(…
       |                                                             ^
     37|   });
     38|

⎯⎯⎯⎯⎯⎯⎯⎯⎯⎯⎯⎯⎯⎯⎯⎯⎯⎯⎯⎯⎯⎯⎯[2/33]⎯

 FAIL  |monitoring-web| src/app/sessions/session-query.spec.ts > Session query boundaries > rejects { from: '2026-10-05T12:00:00.123Z' } before HTTP
AssertionError: expected '' to contain 'anterior'

- Expected
+ Received

- anterior

 ❯ src/app/sessions/session-query.spec.ts:36:61
     34|     { patch: { sourcePort: '1.5' }, message: '0–65535' },
     35|   ])('rejects $patch before HTTP', ({ patch, message }) => {
     36|     expect(sessionFilterError({ ...short, ...patch }, now)).toContain(…
       |                                                             ^
     37|   });
     38|

⎯⎯⎯⎯⎯⎯⎯⎯⎯⎯⎯⎯⎯⎯⎯⎯⎯⎯⎯⎯⎯⎯⎯[3/33]⎯

 FAIL  |monitoring-web| src/app/sessions/session-query.spec.ts > Session query boundaries > rejects { to: '2026-10-05T12:00:01Z' } before HTTP
AssertionError: expected '' to contain 'futuro'

- Expected
+ Received

- futuro

 ❯ src/app/sessions/session-query.spec.ts:36:61
     34|     { patch: { sourcePort: '1.5' }, message: '0–65535' },
     35|   ])('rejects $patch before HTTP', ({ patch, message }) => {
     36|     expect(sessionFilterError({ ...short, ...patch }, now)).toContain(…
       |                                                             ^
     37|   });
     38|

⎯⎯⎯⎯⎯⎯⎯⎯⎯⎯⎯⎯⎯⎯⎯⎯⎯⎯⎯⎯⎯⎯⎯[4/33]⎯

 FAIL  |monitoring-web| src/app/sessions/session-query.spec.ts > Session query boundaries > rejects { from: '2026-09-04T12:00:00Z' } before HTTP
AssertionError: expected '' to contain '30 días'

- Expected
+ Received

- 30 días

 ❯ src/app/sessions/session-query.spec.ts:36:61
     34|     { patch: { sourcePort: '1.5' }, message: '0–65535' },
     35|   ])('rejects $patch before HTTP', ({ patch, message }) => {
     36|     expect(sessionFilterError({ ...short, ...patch }, now)).toContain(…
       |                                                             ^
     37|   });
     38|

⎯⎯⎯⎯⎯⎯⎯⎯⎯⎯⎯⎯⎯⎯⎯⎯⎯⎯⎯⎯⎯⎯⎯[5/33]⎯

 FAIL  |monitoring-web| src/app/sessions/session-query.spec.ts > Session query boundaries > rejects { from: '2026-10-03T12:00:00Z' } before HTTP
 FAIL  |monitoring-web| src/app/sessions/session-query.spec.ts > Session query boundaries > rejects { from: '2026-10-03T12:00:00Z', …(2) } before HTTP
AssertionError: expected '' to contain 'sede, sonda y una IP'

- Expected
+ Received

- sede, sonda y una IP

 ❯ src/app/sessions/session-query.spec.ts:36:61
     34|     { patch: { sourcePort: '1.5' }, message: '0–65535' },
     35|   ])('rejects $patch before HTTP', ({ patch, message }) => {
     36|     expect(sessionFilterError({ ...short, ...patch }, now)).toContain(…
       |                                                             ^
     37|   });
     38|

⎯⎯⎯⎯⎯⎯⎯⎯⎯⎯⎯⎯⎯⎯⎯⎯⎯⎯⎯⎯⎯⎯⎯[6/33]⎯

 FAIL  |monitoring-web| src/app/sessions/session-query.spec.ts > Session query boundaries > rejects { pageSize: 101 } before HTTP
 FAIL  |monitoring-web| src/app/sessions/session-query.spec.ts > Session query boundaries > rejects { pageSize: 0 } before HTTP
 FAIL  |monitoring-web| src/app/sessions/session-query.spec.ts > Session query boundaries > rejects { pageSize: 1.5 } before HTTP
AssertionError: expected '' to contain '1–100'

- Expected
+ Received

- 1–100

 ❯ src/app/sessions/session-query.spec.ts:36:61
     34|     { patch: { sourcePort: '1.5' }, message: '0–65535' },
     35|   ])('rejects $patch before HTTP', ({ patch, message }) => {
     36|     expect(sessionFilterError({ ...short, ...patch }, now)).toContain(…
       |                                                             ^
     37|   });
     38|

⎯⎯⎯⎯⎯⎯⎯⎯⎯⎯⎯⎯⎯⎯⎯⎯⎯⎯⎯⎯⎯⎯⎯[7/33]⎯

 FAIL  |monitoring-web| src/app/sessions/session-query.spec.ts > Session query boundaries > rejects { sourceIp: '999.0.0.1' } before HTTP
 FAIL  |monitoring-web| src/app/sessions/session-query.spec.ts > Session query boundaries > rejects { destinationIp: '2001:db8::xyz' } before HTTP
AssertionError: expected '' to contain 'IP'

- Expected
+ Received

- IP

 ❯ src/app/sessions/session-query.spec.ts:36:61
     34|     { patch: { sourcePort: '1.5' }, message: '0–65535' },
     35|   ])('rejects $patch before HTTP', ({ patch, message }) => {
     36|     expect(sessionFilterError({ ...short, ...patch }, now)).toContain(…
       |                                                             ^
     37|   });
     38|

⎯⎯⎯⎯⎯⎯⎯⎯⎯⎯⎯⎯⎯⎯⎯⎯⎯⎯⎯⎯⎯⎯⎯[8/33]⎯

 FAIL  |monitoring-web| src/app/sessions/session-query.spec.ts > Session query boundaries > rejects { protocol: 'ICMP' } before HTTP
AssertionError: expected '' to contain 'TCP o UDP'

- Expected
+ Received

- TCP o UDP

 ❯ src/app/sessions/session-query.spec.ts:36:61
     34|     { patch: { sourcePort: '1.5' }, message: '0–65535' },
     35|   ])('rejects $patch before HTTP', ({ patch, message }) => {
     36|     expect(sessionFilterError({ ...short, ...patch }, now)).toContain(…
       |                                                             ^
     37|   });
     38|

⎯⎯⎯⎯⎯⎯⎯⎯⎯⎯⎯⎯⎯⎯⎯⎯⎯⎯⎯⎯⎯⎯⎯[9/33]⎯

 FAIL  |monitoring-web| src/app/sessions/session-query.spec.ts > Session query boundaries > rejects { sourcePort: '-1' } before HTTP
 FAIL  |monitoring-web| src/app/sessions/session-query.spec.ts > Session query boundaries > rejects { destinationPort: '65536' } before HTTP
 FAIL  |monitoring-web| src/app/sessions/session-query.spec.ts > Session query boundaries > rejects { sourcePort: '1.5' } before HTTP
AssertionError: expected '' to contain '0–65535'

- Expected
+ Received

- 0–65535

 ❯ src/app/sessions/session-query.spec.ts:36:61
     34|     { patch: { sourcePort: '1.5' }, message: '0–65535' },
     35|   ])('rejects $patch before HTTP', ({ patch, message }) => {
     36|     expect(sessionFilterError({ ...short, ...patch }, now)).toContain(…
       |                                                             ^
     37|   });
     38|

⎯⎯⎯⎯⎯⎯⎯⎯⎯⎯⎯⎯⎯⎯⎯⎯⎯⎯⎯⎯⎯⎯[10/33]⎯

 FAIL  |monitoring-web| src/app/sessions/session-search-api.spec.ts > SessionSearchApi > sends exact AND filters with UTC, bounded page, opaque cursor and no trust headers
AssertionError: expected null to be '2026-10-04T12:00:00.000Z' // Object.is equality

- Expected:
"2026-10-04T12:00:00.000Z"

+ Received:
null

 ❯ src/app/sessions/session-search-api.spec.ts:19:44
     17|     const req = http.expectOne(request => request.url === '/api/v1/ses…
     18|     expect(req.request.method).toBe('GET');
     19|     expect(req.request.params.get('from')).toBe('2026-10-04T12:00:00.0…
       |                                            ^
     20|     expect(req.request.params.get('to')).toBe('2026-10-05T12:00:00.000…
     21|     expect(req.request.params.get('siteId')).toBe('Madrid/1');

⎯⎯⎯⎯⎯⎯⎯⎯⎯⎯⎯⎯⎯⎯⎯⎯⎯⎯⎯⎯⎯⎯[11/33]⎯

 FAIL  |monitoring-web| src/app/sessions/session-search-page.component.spec.ts > SessionSearchPage > queries recent 24h at page 50 without optional filters and announces loading/empty/current
AssertionError: expected 'Sesiones iniciadas' to contain 'Consultando sesiones'

Expected: "Consultando sesiones"
Received: "Sesiones iniciadas"

 ❯ src/app/sessions/session-search-page.component.spec.ts:51:24
     49|   it('queries recent 24h at page 50 without optional filters and annou…
     50|     const ctx = await openSearch();
     51|     expect(ctx.text()).toContain('Consultando sesiones');
       |                        ^
     52|     const request = ctx.request();
     53|     expect(request.request.params.get('from')).toBe('2026-10-04T12:00:…

⎯⎯⎯⎯⎯⎯⎯⎯⎯⎯⎯⎯⎯⎯⎯⎯⎯⎯⎯⎯⎯⎯[12/33]⎯

 FAIL  |monitoring-web| src/app/sessions/session-search-page.component.spec.ts > SessionSearchPage > shows scoped rows, lag and complete identity on a keyboard reachable detail link
Error: Expected one matching request for criteria "Match by function: ", found none.
 ❯ HttpClientTestingBackend.expectOne ../k8-fastbuild-ST-fdfa778d11ba/bin/packages/common/http/testing/src/backend.ts:112:13
 ❯ Object.request src/app/sessions/session-search-page.component.spec.ts:25:30
     23|   const root = () => harness.routeNativeElement as HTMLElement;
     24|   const text = () => root().textContent ?? '';
     25|   const request = () => http.expectOne(req => req.url === '/api/v1/ses…
       |                              ^
     26|   const button = (label: string) => {
     27|     const element = [...root().querySelectorAll('button')].find(b => b…
 ❯ src/app/sessions/session-search-page.component.spec.ts:68:9

⎯⎯⎯⎯⎯⎯⎯⎯⎯⎯⎯⎯⎯⎯⎯⎯⎯⎯⎯⎯⎯⎯[13/33]⎯

 FAIL  |monitoring-web| src/app/sessions/session-search-page.component.spec.ts > SessionSearchPage > keeps query bounds on next page and removes cursor/results when an exact filter changes
Error: Expected one matching request for criteria "Match by function: ", found none.
 ❯ HttpClientTestingBackend.expectOne ../k8-fastbuild-ST-fdfa778d11ba/bin/packages/common/http/testing/src/backend.ts:112:13
 ❯ Object.request src/app/sessions/session-search-page.component.spec.ts:25:30
     23|   const root = () => harness.routeNativeElement as HTMLElement;
     24|   const text = () => root().textContent ?? '';
     25|   const request = () => http.expectOne(req => req.url === '/api/v1/ses…
       |                              ^
     26|   const button = (label: string) => {
     27|     const element = [...root().querySelectorAll('button')].find(b => b…
 ❯ src/app/sessions/session-search-page.component.spec.ts:92:9

⎯⎯⎯⎯⎯⎯⎯⎯⎯⎯⎯⎯⎯⎯⎯⎯⎯⎯⎯⎯⎯⎯[14/33]⎯

 FAIL  |monitoring-web| src/app/sessions/session-search-page.component.spec.ts > SessionSearchPage > cancels a pending old search when filters change and cannot display its stale response
Error: Expected one matching request for criteria "Match by function: ", found none.
 ❯ HttpClientTestingBackend.expectOne ../k8-fastbuild-ST-fdfa778d11ba/bin/packages/common/http/testing/src/backend.ts:112:13
 ❯ Object.request src/app/sessions/session-search-page.component.spec.ts:25:30
     23|   const root = () => harness.routeNativeElement as HTMLElement;
     24|   const text = () => root().textContent ?? '';
     25|   const request = () => http.expectOne(req => req.url === '/api/v1/ses…
       |                              ^
     26|   const button = (label: string) => {
     27|     const element = [...root().querySelectorAll('button')].find(b => b…
 ❯ src/app/sessions/session-search-page.component.spec.ts:114:21

⎯⎯⎯⎯⎯⎯⎯⎯⎯⎯⎯⎯⎯⎯⎯⎯⎯⎯⎯⎯⎯⎯[15/33]⎯

 FAIL  |monitoring-web| src/app/sessions/session-search-page.component.spec.ts > SessionSearchPage > shows visible validation for >24h without site/sensor/IP and page 101 without HTTP
Error: Expected one matching request for criteria "Match by function: ", found none.
 ❯ HttpClientTestingBackend.expectOne ../k8-fastbuild-ST-fdfa778d11ba/bin/packages/common/http/testing/src/backend.ts:112:13
 ❯ Object.request src/app/sessions/session-search-page.component.spec.ts:25:30
     23|   const root = () => harness.routeNativeElement as HTMLElement;
     24|   const text = () => root().textContent ?? '';
     25|   const request = () => http.expectOne(req => req.url === '/api/v1/ses…
       |                              ^
     26|   const button = (label: string) => {
     27|     const element = [...root().querySelectorAll('button')].find(b => b…
 ❯ src/app/sessions/session-search-page.component.spec.ts:127:9

⎯⎯⎯⎯⎯⎯⎯⎯⎯⎯⎯⎯⎯⎯⎯⎯⎯⎯⎯⎯⎯⎯[16/33]⎯

 FAIL  |monitoring-web| src/app/sessions/session-search-page.component.spec.ts > SessionSearchPage > distinguishes HTTP 400 from no matches and clears previous data
 FAIL  |monitoring-web| src/app/sessions/session-search-page.component.spec.ts > SessionSearchPage > distinguishes HTTP 401 from no matches and clears previous data
 FAIL  |monitoring-web| src/app/sessions/session-search-page.component.spec.ts > SessionSearchPage > distinguishes HTTP 403 from no matches and clears previous data
 FAIL  |monitoring-web| src/app/sessions/session-search-page.component.spec.ts > SessionSearchPage > distinguishes HTTP 429 from no matches and clears previous data
 FAIL  |monitoring-web| src/app/sessions/session-search-page.component.spec.ts > SessionSearchPage > distinguishes HTTP 503 from no matches and clears previous data
 FAIL  |monitoring-web| src/app/sessions/session-search-page.component.spec.ts > SessionSearchPage > distinguishes HTTP 504 from no matches and clears previous data
Error: Expected one matching request for criteria "Match by function: ", found none.
 ❯ HttpClientTestingBackend.expectOne ../k8-fastbuild-ST-fdfa778d11ba/bin/packages/common/http/testing/src/backend.ts:112:13
 ❯ Object.request src/app/sessions/session-search-page.component.spec.ts:25:30
     23|   const root = () => harness.routeNativeElement as HTMLElement;
     24|   const text = () => root().textContent ?? '';
     25|   const request = () => http.expectOne(req => req.url === '/api/v1/ses…
       |                              ^
     26|   const button = (label: string) => {
     27|     const element = [...root().querySelectorAll('button')].find(b => b…
 ❯ src/app/sessions/session-search-page.component.spec.ts:150:9

⎯⎯⎯⎯⎯⎯⎯⎯⎯⎯⎯⎯⎯⎯⎯⎯⎯⎯⎯⎯⎯⎯[17/33]⎯

 FAIL  |monitoring-web| src/app/sessions/session-search-page.component.spec.ts > SessionSearchPage > announces expired snapshot and restarts from page one, using a native action
Error: Expected one matching request for criteria "Match by function: ", found none.
 ❯ HttpClientTestingBackend.expectOne ../k8-fastbuild-ST-fdfa778d11ba/bin/packages/common/http/testing/src/backend.ts:112:13
 ❯ Object.request src/app/sessions/session-search-page.component.spec.ts:25:30
     23|   const root = () => harness.routeNativeElement as HTMLElement;
     24|   const text = () => root().textContent ?? '';
     25|   const request = () => http.expectOne(req => req.url === '/api/v1/ses…
       |                              ^
     26|   const button = (label: string) => {
     27|     const element = [...root().querySelectorAll('button')].find(b => b…
 ❯ src/app/sessions/session-search-page.component.spec.ts:165:9

⎯⎯⎯⎯⎯⎯⎯⎯⎯⎯⎯⎯⎯⎯⎯⎯⎯⎯⎯⎯⎯⎯[18/33]⎯

 FAIL  |monitoring-web| src/app/sessions/session-search-page.component.spec.ts > SessionSearchPage > reports network failure, unknown lag and captured inference/partiality without fake values
Error: Expected one matching request for criteria "Match by function: ", found none.
 ❯ HttpClientTestingBackend.expectOne ../k8-fastbuild-ST-fdfa778d11ba/bin/packages/common/http/testing/src/backend.ts:112:13
 ❯ Object.request src/app/sessions/session-search-page.component.spec.ts:25:30
     23|   const root = () => harness.routeNativeElement as HTMLElement;
     24|   const text = () => root().textContent ?? '';
     25|   const request = () => http.expectOne(req => req.url === '/api/v1/ses…
       |                              ^
     26|   const button = (label: string) => {
     27|     const element = [...root().querySelectorAll('button')].find(b => b…
 ❯ src/app/sessions/session-search-page.component.spec.ts:186:9

⎯⎯⎯⎯⎯⎯⎯⎯⎯⎯⎯⎯⎯⎯⎯⎯⎯⎯⎯⎯⎯⎯[19/33]⎯


 Test Files  3 failed (3)
      Tests  33 failed | 1 passed (34)
   Start at  16:31:31
   Duration  1.38s (environment 65%, setup 20%, transform 8%, tests 3%, import 3%, worker 1%)

